Archive member included to satisfy reference by file (symbol)

c:/vsarm/armcc/112202~1.02/bin/../lib/gcc/arm-none-eabi/11.2.1/thumb/v6-m/nofp\libgcc.a(_dvmd_tls.o)
                              CMakeFiles/rc.dir/C_/VSARM/sdk/pico/pico-sdk/src/rp2_common/pico_divider/divider.S.obj (__aeabi_idiv0)
c:/vsarm/armcc/112202~1.02/bin/../lib/gcc/arm-none-eabi/11.2.1/thumb/v6-m/nofp\libc.a(lib_a-atoi.o)
                              CMakeFiles/rc.dir/C_/VSARM/sdk/pico/pico-sdk/lib/lwip/src/core/netif.c.obj (atoi)
c:/vsarm/armcc/112202~1.02/bin/../lib/gcc/arm-none-eabi/11.2.1/thumb/v6-m/nofp\libc.a(lib_a-calloc.o)
                              CMakeFiles/rc.dir/C_/VSARM/sdk/pico/pico-sdk/src/rp2_common/pico_malloc/pico_malloc.c.obj (calloc)
c:/vsarm/armcc/112202~1.02/bin/../lib/gcc/arm-none-eabi/11.2.1/thumb/v6-m/nofp\libc.a(lib_a-callocr.o)
                              c:/vsarm/armcc/112202~1.02/bin/../lib/gcc/arm-none-eabi/11.2.1/thumb/v6-m/nofp\libc.a(lib_a-calloc.o) (_calloc_r)
c:/vsarm/armcc/112202~1.02/bin/../lib/gcc/arm-none-eabi/11.2.1/thumb/v6-m/nofp\libc.a(lib_a-ctype_.o)
                              CMakeFiles/rc.dir/C_/VSARM/sdk/pico/pico-sdk/lib/lwip/src/core/dns.c.obj (_ctype_)
c:/vsarm/armcc/112202~1.02/bin/../lib/gcc/arm-none-eabi/11.2.1/thumb/v6-m/nofp\libc.a(lib_a-errno.o)
                              c:/vsarm/armcc/112202~1.02/bin/../lib/gcc/arm-none-eabi/11.2.1/thumb/v6-m/nofp\libc.a(lib_a-callocr.o) (__errno)
c:/vsarm/armcc/112202~1.02/bin/../lib/gcc/arm-none-eabi/11.2.1/thumb/v6-m/nofp\libc.a(lib_a-impure.o)
                              c:/vsarm/armcc/112202~1.02/bin/../lib/gcc/arm-none-eabi/11.2.1/thumb/v6-m/nofp\libc.a(lib_a-calloc.o) (_impure_ptr)
c:/vsarm/armcc/112202~1.02/bin/../lib/gcc/arm-none-eabi/11.2.1/thumb/v6-m/nofp\libc.a(lib_a-init.o)
                              c:/vsarm/armcc/112202~1.02/bin/../lib/gcc/arm-none-eabi/11.2.1/thumb/v6-m/nofp/crt0.o (__libc_init_array)
c:/vsarm/armcc/112202~1.02/bin/../lib/gcc/arm-none-eabi/11.2.1/thumb/v6-m/nofp\libc.a(lib_a-malloc.o)
                              CMakeFiles/rc.dir/C_/VSARM/sdk/pico/pico-sdk/src/rp2_common/pico_malloc/pico_malloc.c.obj (malloc)
c:/vsarm/armcc/112202~1.02/bin/../lib/gcc/arm-none-eabi/11.2.1/thumb/v6-m/nofp\libc.a(lib_a-mallocr.o)
                              c:/vsarm/armcc/112202~1.02/bin/../lib/gcc/arm-none-eabi/11.2.1/thumb/v6-m/nofp\libc.a(lib_a-callocr.o) (_malloc_r)
c:/vsarm/armcc/112202~1.02/bin/../lib/gcc/arm-none-eabi/11.2.1/thumb/v6-m/nofp\libc.a(lib_a-memcmp.o)
                              CMakeFiles/rc.dir/C_/VSARM/sdk/pico/pico-sdk/lib/lwip/src/netif/ethernet.c.obj (memcmp)
c:/vsarm/armcc/112202~1.02/bin/../lib/gcc/arm-none-eabi/11.2.1/thumb/v6-m/nofp\libc.a(lib_a-memmove.o)
                              CMakeFiles/rc.dir/C_/VSARM/sdk/pico/pico-sdk/lib/lwip/src/core/def.c.obj (memmove)
c:/vsarm/armcc/112202~1.02/bin/../lib/gcc/arm-none-eabi/11.2.1/thumb/v6-m/nofp\libc.a(lib_a-mlock.o)
                              c:/vsarm/armcc/112202~1.02/bin/../lib/gcc/arm-none-eabi/11.2.1/thumb/v6-m/nofp\libc.a(lib_a-mallocr.o) (__malloc_lock)
c:/vsarm/armcc/112202~1.02/bin/../lib/gcc/arm-none-eabi/11.2.1/thumb/v6-m/nofp\libc.a(lib_a-realloc.o)
                              CMakeFiles/rc.dir/C_/VSARM/sdk/pico/pico-sdk/src/rp2_common/pico_malloc/pico_malloc.c.obj (realloc)
c:/vsarm/armcc/112202~1.02/bin/../lib/gcc/arm-none-eabi/11.2.1/thumb/v6-m/nofp\libc.a(lib_a-reallocr.o)
                              c:/vsarm/armcc/112202~1.02/bin/../lib/gcc/arm-none-eabi/11.2.1/thumb/v6-m/nofp\libc.a(lib_a-realloc.o) (_realloc_r)
c:/vsarm/armcc/112202~1.02/bin/../lib/gcc/arm-none-eabi/11.2.1/thumb/v6-m/nofp\libc.a(lib_a-sbrkr.o)
                              c:/vsarm/armcc/112202~1.02/bin/../lib/gcc/arm-none-eabi/11.2.1/thumb/v6-m/nofp\libc.a(lib_a-mallocr.o) (_sbrk_r)
c:/vsarm/armcc/112202~1.02/bin/../lib/gcc/arm-none-eabi/11.2.1/thumb/v6-m/nofp\libc.a(lib_a-strlen-stub.o)
                              CMakeFiles/rc.dir/src/main.c.obj (strlen)
c:/vsarm/armcc/112202~1.02/bin/../lib/gcc/arm-none-eabi/11.2.1/thumb/v6-m/nofp\libc.a(lib_a-strncmp.o)
                              CMakeFiles/rc.dir/C_/VSARM/sdk/pico/pico-sdk/lib/lwip/src/core/def.c.obj (strncmp)
c:/vsarm/armcc/112202~1.02/bin/../lib/gcc/arm-none-eabi/11.2.1/thumb/v6-m/nofp\libc.a(lib_a-strtol.o)
                              c:/vsarm/armcc/112202~1.02/bin/../lib/gcc/arm-none-eabi/11.2.1/thumb/v6-m/nofp\libc.a(lib_a-atoi.o) (_strtol_r)
c:/vsarm/armcc/112202~1.02/bin/../lib/gcc/arm-none-eabi/11.2.1/thumb/v6-m/nofp\libc.a(lib_a-freer.o)
                              c:/vsarm/armcc/112202~1.02/bin/../lib/gcc/arm-none-eabi/11.2.1/thumb/v6-m/nofp\libc.a(lib_a-malloc.o) (_free_r)
c:/vsarm/armcc/112202~1.02/bin/../lib/gcc/arm-none-eabi/11.2.1/thumb/v6-m/nofp\libc.a(lib_a-reent.o)
                              c:/vsarm/armcc/112202~1.02/bin/../lib/gcc/arm-none-eabi/11.2.1/thumb/v6-m/nofp\libc.a(lib_a-sbrkr.o) (errno)

Discarded input sections

[...]
Memory Configuration

Name             Origin             Length             Attributes
FLASH            0x10000000         0x00200000         xr
RAM              0x20000000         0x00040000         xrw
SCRATCH_X        0x20040000         0x00001000         xrw
SCRATCH_Y        0x20041000         0x00001000         xrw
*default*        0x00000000         0xffffffff

Linker script and memory map

LOAD c:/vsarm/armcc/112202~1.02/bin/../lib/gcc/arm-none-eabi/11.2.1/thumb/v6-m/nofp/crti.o
LOAD c:/vsarm/armcc/112202~1.02/bin/../lib/gcc/arm-none-eabi/11.2.1/thumb/v6-m/nofp/crtbegin.o
LOAD c:/vsarm/armcc/112202~1.02/bin/../lib/gcc/arm-none-eabi/11.2.1/thumb/v6-m/nofp/crt0.o

.flash_begin    0x10000000        0x0
                0x10000000                __flash_binary_start = .

.boot2          0x10000000      0x100
                0x10000000                __boot2_start__ = .
 *(.boot2)
 .boot2         0x10000000      0x100 C:\Users\mcser\AppData\Local\Temp\cc67ANYr.o
                0x10000100                __boot2_end__ = .
                0x00000001                ASSERT (((__boot2_end__ - __boot2_start__) == 0x100), ERROR: Pico second stage bootloader must be 256 bytes in size)

.text           0x10000100    0x1ba08
                0x10000100                __logical_binary_start = .
 *(.vectors)
 .vectors       0x10000100       0xd4 CMakeFiles/rc.dir/C_/VSARM/sdk/pico/pico-sdk/src/rp2_common/pico_standard_link/crt0.S.obj
                0x10000100                __VECTOR_TABLE
                0x10000100                __vectors
                0x100001c0                isr_invalid
                0x100001c0                __default_isrs_start
                0x100001c2                isr_nmi
                0x100001c4                isr_hardfault
                0x100001c6                isr_svcall
                0x100001c8                isr_pendsv
                0x100001ca                isr_systick
                0x100001cc                isr_irq23
                0x100001cc                isr_irq18
                0x100001cc                isr_irq11
                0x100001cc                isr_irq28
                0x100001cc                isr_irq19
                0x100001cc                isr_irq0
                0x100001cc                isr_irq6
                0x100001cc                isr_irq5
                0x100001cc                isr_irq12
                0x100001cc                isr_irq22
                0x100001cc                isr_irq31
                0x100001cc                isr_irq17
                0x100001cc                isr_irq27
                0x100001cc                isr_irq30
                0x100001cc                isr_irq2
                0x100001cc                isr_irq10
                0x100001cc                isr_irq8
                0x100001cc                isr_irq24
                0x100001cc                isr_irq1
                0x100001cc                isr_irq7
                0x100001cc                isr_irq21
                0x100001cc                isr_irq20
                0x100001cc                isr_irq15
                0x100001cc                isr_irq25
                0x100001cc                isr_irq13
                0x100001cc                __unhandled_user_irq
                0x100001cc                isr_irq4
                0x100001cc                isr_irq16
                0x100001cc                isr_irq29
                0x100001cc                isr_irq26
                0x100001cc                __default_isrs_end
                0x100001cc                isr_irq3
                0x100001cc                isr_irq14
                0x100001cc                isr_irq9
                0x100001d2                unhandled_user_irq_num_in_r0
 *(.binary_info_header)
 .binary_info_header
                0x100001d4       0x14 CMakeFiles/rc.dir/C_/VSARM/sdk/pico/pico-sdk/src/rp2_common/pico_standard_link/crt0.S.obj
                0x100001e8                __binary_info_header_end = .
 *(.reset)
 .reset         0x100001e8       0xa0 CMakeFiles/rc.dir/C_/VSARM/sdk/pico/pico-sdk/src/rp2_common/pico_standard_link/crt0.S.obj
                0x100001e8                _entry_point
 .reset         0x10000288       0x30 CMakeFiles/rc.dir/C_/VSARM/sdk/pico/pico-sdk/src/rp2_common/pico_standard_link/binary_info.c.obj
 *(.init)
 .init          0x100002b8        0x4 c:/vsarm/armcc/112202~1.02/bin/../lib/gcc/arm-none-eabi/11.2.1/thumb/v6-m/nofp/crti.o
                0x100002b8                _init
 *(EXCLUDE_FILE(*libm.a: *libc.a:*lib_a-mem*.o *libgcc.a:) .text*)
 .text.register_tm_clones
                0x100002bc       0x28 c:/vsarm/armcc/112202~1.02/bin/../lib/gcc/arm-none-eabi/11.2.1/thumb/v6-m/nofp/crtbegin.o
 .text.frame_dummy
                0x100002e4       0x24 c:/vsarm/armcc/112202~1.02/bin/../lib/gcc/arm-none-eabi/11.2.1/thumb/v6-m/nofp/crtbegin.o
 .text.pub_request_cb
                0x10000308        0x4 CMakeFiles/rc.dir/src/main.c.obj
 .text.alarm_cb
                0x1000030c       0x10 CMakeFiles/rc.dir/src/main.c.obj
                0x1000030c                alarm_cb
 .text.incoming_data_cb
                0x1000031c       0x38 CMakeFiles/rc.dir/src/main.c.obj
 .text.incoming_publish_cb
                0x10000354       0x1c CMakeFiles/rc.dir/src/main.c.obj
 .text.sub_request_cb
                0x10000370        0x4 CMakeFiles/rc.dir/src/main.c.obj
                0x10000370                sub_request_cb
 .text.wait.constprop.0
                0x10000374       0x90 CMakeFiles/rc.dir/src/main.c.obj
 .text.wifi_init.isra.0
                0x10000404      0x1a0 CMakeFiles/rc.dir/src/main.c.obj
 .text.mqtt_connection_cb
                0x100005a4       0xf8 CMakeFiles/rc.dir/src/main.c.obj
 .text.wait     0x1000069c       0xa8 CMakeFiles/rc.dir/src/main.c.obj
                0x1000069c                wait
 .text.move_motors
                0x10000744       0xbc CMakeFiles/rc.dir/src/main.c.obj
                0x10000744                move_motors
 .text.run_command
                0x10000800       0xf8 CMakeFiles/rc.dir/src/main.c.obj
                0x10000800                run_command
 .text.message_decoder
                0x100008f8      0x388 CMakeFiles/rc.dir/src/main.c.obj
                0x100008f8                message_decoder
 .text.startup.main
                0x10000c80      0x164 CMakeFiles/rc.dir/src/main.c.obj
                0x10000c80                main
 .text.mqtt_output_send
                0x10000de4      0x114 CMakeFiles/rc.dir/C_/VSARM/sdk/pico/pico-sdk/lib/lwip/src/apps/mqtt/mqtt.c.obj
 .text.mqtt_close
                0x10000ef8       0x80 CMakeFiles/rc.dir/C_/VSARM/sdk/pico/pico-sdk/lib/lwip/src/apps/mqtt/mqtt.c.obj
 .text.mqtt_tcp_connect_cb
                0x10000f78       0x60 CMakeFiles/rc.dir/C_/VSARM/sdk/pico/pico-sdk/lib/lwip/src/apps/mqtt/mqtt.c.obj
 .text.mqtt_cyclic_timer
                0x10000fd8      0x144 CMakeFiles/rc.dir/C_/VSARM/sdk/pico/pico-sdk/lib/lwip/src/apps/mqtt/mqtt.c.obj
 .text.mqtt_tcp_sent_cb
                0x1000111c       0x70 CMakeFiles/rc.dir/C_/VSARM/sdk/pico/pico-sdk/lib/lwip/src/apps/mqtt/mqtt.c.obj
 .text.pub_ack_rec_rel_response.isra.0
                0x1000118c       0xa0 CMakeFiles/rc.dir/C_/VSARM/sdk/pico/pico-sdk/lib/lwip/src/apps/mqtt/mqtt.c.obj
 .text.mqtt_message_received
                0x1000122c      0x248 CMakeFiles/rc.dir/C_/VSARM/sdk/pico/pico-sdk/lib/lwip/src/apps/mqtt/mqtt.c.obj
 .text.mqtt_tcp_recv_cb
                0x10001474      0x1dc CMakeFiles/rc.dir/C_/VSARM/sdk/pico/pico-sdk/lib/lwip/src/apps/mqtt/mqtt.c.obj
 .text.mqtt_tcp_err_cb
                0x10001650       0x50 CMakeFiles/rc.dir/C_/VSARM/sdk/pico/pico-sdk/lib/lwip/src/apps/mqtt/mqtt.c.obj
 .text.mqtt_tcp_poll_cb
                0x100016a0      0x140 CMakeFiles/rc.dir/C_/VSARM/sdk/pico/pico-sdk/lib/lwip/src/apps/mqtt/mqtt.c.obj
 .text.mqtt_publish
                0x100017e0      0x30c CMakeFiles/rc.dir/C_/VSARM/sdk/pico/pico-sdk/lib/lwip/src/apps/mqtt/mqtt.c.obj
                0x100017e0                mqtt_publish
 .text.mqtt_sub_unsub
                0x10001aec      0x2ec CMakeFiles/rc.dir/C_/VSARM/sdk/pico/pico-sdk/lib/lwip/src/apps/mqtt/mqtt.c.obj
                0x10001aec                mqtt_sub_unsub
 .text.mqtt_set_inpub_callback
                0x10001dd8       0x24 CMakeFiles/rc.dir/C_/VSARM/sdk/pico/pico-sdk/lib/lwip/src/apps/mqtt/mqtt.c.obj
                0x10001dd8                mqtt_set_inpub_callback
 .text.mqtt_client_new
                0x10001dfc       0x10 CMakeFiles/rc.dir/C_/VSARM/sdk/pico/pico-sdk/lib/lwip/src/apps/mqtt/mqtt.c.obj
                0x10001dfc                mqtt_client_new
 .text.mqtt_client_connect
                0x10001e0c      0x840 CMakeFiles/rc.dir/C_/VSARM/sdk/pico/pico-sdk/lib/lwip/src/apps/mqtt/mqtt.c.obj
                0x10001e0c                mqtt_client_connect
 .text.mqtt_disconnect
                0x1000264c       0x24 CMakeFiles/rc.dir/C_/VSARM/sdk/pico/pico-sdk/lib/lwip/src/apps/mqtt/mqtt.c.obj
                0x1000264c                mqtt_disconnect
 .text.gpio_set_function
                0x10002670       0x30 CMakeFiles/rc.dir/C_/VSARM/sdk/pico/pico-sdk/src/rp2_common/hardware_gpio/gpio.c.obj
                0x10002670                gpio_set_function
 .text.gpio_set_pulls
                0x100026a0       0x24 CMakeFiles/rc.dir/C_/VSARM/sdk/pico/pico-sdk/src/rp2_common/hardware_gpio/gpio.c.obj
                0x100026a0                gpio_set_pulls
 .text.gpio_set_input_hysteresis_enabled
                0x100026c4       0x28 CMakeFiles/rc.dir/C_/VSARM/sdk/pico/pico-sdk/src/rp2_common/hardware_gpio/gpio.c.obj
                0x100026c4                gpio_set_input_hysteresis_enabled
 .text.gpio_set_irq_enabled
                0x100026ec       0x54 CMakeFiles/rc.dir/C_/VSARM/sdk/pico/pico-sdk/src/rp2_common/hardware_gpio/gpio.c.obj
                0x100026ec                gpio_set_irq_enabled
 .text.gpio_add_raw_irq_handler_with_order_priority_masked
                0x10002740       0x44 CMakeFiles/rc.dir/C_/VSARM/sdk/pico/pico-sdk/src/rp2_common/hardware_gpio/gpio.c.obj
                0x10002740                gpio_add_raw_irq_handler_with_order_priority_masked
 .text.gpio_remove_raw_irq_handler_masked
                0x10002784       0x20 CMakeFiles/rc.dir/C_/VSARM/sdk/pico/pico-sdk/src/rp2_common/hardware_gpio/gpio.c.obj
                0x10002784                gpio_remove_raw_irq_handler_masked
 .text.gpio_init
                0x100027a4       0x3c CMakeFiles/rc.dir/C_/VSARM/sdk/pico/pico-sdk/src/rp2_common/hardware_gpio/gpio.c.obj
                0x100027a4                gpio_init
 .text.running_on_fpga
                0x100027e0       0x10 CMakeFiles/rc.dir/C_/VSARM/sdk/pico/pico-sdk/src/rp2_common/pico_platform/platform.c.obj
                0x100027e0                running_on_fpga
 .text.hw_claim_lock
                0x100027f0       0x18 CMakeFiles/rc.dir/C_/VSARM/sdk/pico/pico-sdk/src/rp2_common/hardware_claim/claim.c.obj
                0x100027f0                hw_claim_lock
 .text.hw_claim_unlock
                0x10002808       0x14 CMakeFiles/rc.dir/C_/VSARM/sdk/pico/pico-sdk/src/rp2_common/hardware_claim/claim.c.obj
                0x10002808                hw_claim_unlock
 .text.hw_claim_or_assert
                0x1000281c       0x44 CMakeFiles/rc.dir/C_/VSARM/sdk/pico/pico-sdk/src/rp2_common/hardware_claim/claim.c.obj
                0x1000281c                hw_claim_or_assert
 .text.hw_claim_unused_from_range
                0x10002860       0x9c CMakeFiles/rc.dir/C_/VSARM/sdk/pico/pico-sdk/src/rp2_common/hardware_claim/claim.c.obj
                0x10002860                hw_claim_unused_from_range
 .text.hw_claim_clear
                0x100028fc       0x38 CMakeFiles/rc.dir/C_/VSARM/sdk/pico/pico-sdk/src/rp2_common/hardware_claim/claim.c.obj
                0x100028fc                hw_claim_clear
 .text.spin_locks_reset
                0x10002934       0x1c CMakeFiles/rc.dir/C_/VSARM/sdk/pico/pico-sdk/src/rp2_common/hardware_sync/sync.c.obj
                0x10002934                spin_locks_reset
 .text.next_striped_spin_lock_num
                0x10002950       0x18 CMakeFiles/rc.dir/C_/VSARM/sdk/pico/pico-sdk/src/rp2_common/hardware_sync/sync.c.obj
                0x10002950                next_striped_spin_lock_num
 .text.spin_lock_claim_unused
                0x10002968       0x24 CMakeFiles/rc.dir/C_/VSARM/sdk/pico/pico-sdk/src/rp2_common/hardware_sync/sync.c.obj
                0x10002968                spin_lock_claim_unused
 .text.irq_set_enabled
                0x1000298c       0x24 CMakeFiles/rc.dir/C_/VSARM/sdk/pico/pico-sdk/src/rp2_common/hardware_irq/irq.c.obj
                0x1000298c                irq_set_enabled
 .text.irq_set_pending
                0x100029b0       0x10 CMakeFiles/rc.dir/C_/VSARM/sdk/pico/pico-sdk/src/rp2_common/hardware_irq/irq.c.obj
                0x100029b0                irq_set_pending
 .text.irq_has_shared_handler
                0x100029c0       0x2c CMakeFiles/rc.dir/C_/VSARM/sdk/pico/pico-sdk/src/rp2_common/hardware_irq/irq.c.obj
                0x100029c0                irq_has_shared_handler
 .text.irq_get_vtable_handler
                0x100029ec       0x10 CMakeFiles/rc.dir/C_/VSARM/sdk/pico/pico-sdk/src/rp2_common/hardware_irq/irq.c.obj
                0x100029ec                irq_get_vtable_handler
 .text.irq_set_exclusive_handler
                0x100029fc       0x54 CMakeFiles/rc.dir/C_/VSARM/sdk/pico/pico-sdk/src/rp2_common/hardware_irq/irq.c.obj
                0x100029fc                irq_set_exclusive_handler
 .text.irq_add_shared_handler
                0x10002a50      0x1e4 CMakeFiles/rc.dir/C_/VSARM/sdk/pico/pico-sdk/src/rp2_common/hardware_irq/irq.c.obj
                0x10002a50                irq_add_shared_handler
 .text.irq_remove_handler
                0x10002c34      0x1b0 CMakeFiles/rc.dir/C_/VSARM/sdk/pico/pico-sdk/src/rp2_common/hardware_irq/irq.c.obj
                0x10002c34                irq_remove_handler
 .text.irq_set_priority
                0x10002de4       0x28 CMakeFiles/rc.dir/C_/VSARM/sdk/pico/pico-sdk/src/rp2_common/hardware_irq/irq.c.obj
                0x10002de4                irq_set_priority
 .text.irq_add_tail_to_free_list
                0x10002e0c       0xb4 CMakeFiles/rc.dir/C_/VSARM/sdk/pico/pico-sdk/src/rp2_common/hardware_irq/irq.c.obj
                0x10002e0c                irq_add_tail_to_free_list
 .text.irq_init_priorities
                0x10002ec0       0x24 CMakeFiles/rc.dir/C_/VSARM/sdk/pico/pico-sdk/src/rp2_common/hardware_irq/irq.c.obj
                0x10002ec0                irq_init_priorities
 .text.user_irq_unclaim
                0x10002ee4       0x14 CMakeFiles/rc.dir/C_/VSARM/sdk/pico/pico-sdk/src/rp2_common/hardware_irq/irq.c.obj
                0x10002ee4                user_irq_unclaim
 .text.user_irq_claim_unused
                0x10002ef8       0x2c CMakeFiles/rc.dir/C_/VSARM/sdk/pico/pico-sdk/src/rp2_common/hardware_irq/irq.c.obj
                0x10002ef8                user_irq_claim_unused
 .text.sem_init
                0x10002f24       0x20 CMakeFiles/rc.dir/C_/VSARM/sdk/pico/pico-sdk/src/common/pico_sync/sem.c.obj
                0x10002f24                sem_init
 .text.lock_init
                0x10002f44       0x10 CMakeFiles/rc.dir/C_/VSARM/sdk/pico/pico-sdk/src/common/pico_sync/lock_core.c.obj
                0x10002f44                lock_init
 .text.mutex_init
                0x10002f54       0x1c CMakeFiles/rc.dir/C_/VSARM/sdk/pico/pico-sdk/src/common/pico_sync/mutex.c.obj
                0x10002f54                mutex_init
 .text.recursive_mutex_init
                0x10002f70       0x1c CMakeFiles/rc.dir/C_/VSARM/sdk/pico/pico-sdk/src/common/pico_sync/mutex.c.obj
                0x10002f70                recursive_mutex_init
 .text.critical_section_init
                0x10002f8c       0x20 CMakeFiles/rc.dir/C_/VSARM/sdk/pico/pico-sdk/src/common/pico_sync/critical_section.c.obj
                0x10002f8c                critical_section_init
 .text.critical_section_init_with_lock_num
                0x10002fac       0x14 CMakeFiles/rc.dir/C_/VSARM/sdk/pico/pico-sdk/src/common/pico_sync/critical_section.c.obj
                0x10002fac                critical_section_init_with_lock_num
 .text.timer_pool_entry_comparator
                0x10002fc0       0x34 CMakeFiles/rc.dir/C_/VSARM/sdk/pico/pico-sdk/src/common/pico_time/time.c.obj
                0x10002fc0                timer_pool_entry_comparator
 .text.sleep_until_callback
                0x10002ff4       0x30 CMakeFiles/rc.dir/C_/VSARM/sdk/pico/pico-sdk/src/common/pico_time/time.c.obj
 .text.add_alarm_under_lock.isra.0
                0x10003024      0x104 CMakeFiles/rc.dir/C_/VSARM/sdk/pico/pico-sdk/src/common/pico_time/time.c.obj
 .text.alarm_pool_alarm_callback
                0x10003128      0x1c4 CMakeFiles/rc.dir/C_/VSARM/sdk/pico/pico-sdk/src/common/pico_time/time.c.obj
 .text.alarm_pool_init_default
                0x100032ec       0x6c CMakeFiles/rc.dir/C_/VSARM/sdk/pico/pico-sdk/src/common/pico_time/time.c.obj
                0x100032ec                alarm_pool_init_default
 .text.alarm_pool_get_default
                0x10003358        0x8 CMakeFiles/rc.dir/C_/VSARM/sdk/pico/pico-sdk/src/common/pico_time/time.c.obj
                0x10003358                alarm_pool_get_default
 .text.alarm_pool_create_with_unused_hardware_alarm
                0x10003360       0x74 CMakeFiles/rc.dir/C_/VSARM/sdk/pico/pico-sdk/src/common/pico_time/time.c.obj
                0x10003360                alarm_pool_create_with_unused_hardware_alarm
 .text.alarm_pool_destroy
                0x100033d4       0x44 CMakeFiles/rc.dir/C_/VSARM/sdk/pico/pico-sdk/src/common/pico_time/time.c.obj
                0x100033d4                alarm_pool_destroy
 .text.alarm_pool_add_alarm_at
                0x10003418      0x184 CMakeFiles/rc.dir/C_/VSARM/sdk/pico/pico-sdk/src/common/pico_time/time.c.obj
                0x10003418                alarm_pool_add_alarm_at
 .text.alarm_pool_add_alarm_at_force_in_context
                0x1000359c      0x124 CMakeFiles/rc.dir/C_/VSARM/sdk/pico/pico-sdk/src/common/pico_time/time.c.obj
                0x1000359c                alarm_pool_add_alarm_at_force_in_context
 .text.alarm_pool_cancel_alarm
                0x100036c0       0x74 CMakeFiles/rc.dir/C_/VSARM/sdk/pico/pico-sdk/src/common/pico_time/time.c.obj
                0x100036c0                alarm_pool_cancel_alarm
 .text.alarm_pool_core_num
                0x10003734        0x4 CMakeFiles/rc.dir/C_/VSARM/sdk/pico/pico-sdk/src/common/pico_time/time.c.obj
                0x10003734                alarm_pool_core_num
 .text.sleep_until
                0x10003738       0xc4 CMakeFiles/rc.dir/C_/VSARM/sdk/pico/pico-sdk/src/common/pico_time/time.c.obj
                0x10003738                sleep_until
 .text.sleep_ms
                0x100037fc       0x38 CMakeFiles/rc.dir/C_/VSARM/sdk/pico/pico-sdk/src/common/pico_time/time.c.obj
                0x100037fc                sleep_ms
 .text.best_effort_wfe_or_timeout
                0x10003834       0xd4 CMakeFiles/rc.dir/C_/VSARM/sdk/pico/pico-sdk/src/common/pico_time/time.c.obj
                0x10003834                best_effort_wfe_or_timeout
 .text.hardware_alarm_irq_handler
                0x10003908       0xbc CMakeFiles/rc.dir/C_/VSARM/sdk/pico/pico-sdk/src/rp2_common/hardware_timer/timer.c.obj
 .text.hardware_alarm_claim
                0x100039c4       0x18 CMakeFiles/rc.dir/C_/VSARM/sdk/pico/pico-sdk/src/rp2_common/hardware_timer/timer.c.obj
                0x100039c4                hardware_alarm_claim
 .text.hardware_alarm_unclaim
                0x100039dc       0x14 CMakeFiles/rc.dir/C_/VSARM/sdk/pico/pico-sdk/src/rp2_common/hardware_timer/timer.c.obj
                0x100039dc                hardware_alarm_unclaim
 .text.hardware_alarm_claim_unused
                0x100039f0       0x24 CMakeFiles/rc.dir/C_/VSARM/sdk/pico/pico-sdk/src/rp2_common/hardware_timer/timer.c.obj
                0x100039f0                hardware_alarm_claim_unused
 .text.time_us_64
                0x10003a14       0x14 CMakeFiles/rc.dir/C_/VSARM/sdk/pico/pico-sdk/src/rp2_common/hardware_timer/timer.c.obj
                0x10003a14                time_us_64
 .text.busy_wait_until
                0x10003a28       0x20 CMakeFiles/rc.dir/C_/VSARM/sdk/pico/pico-sdk/src/rp2_common/hardware_timer/timer.c.obj
                0x10003a28                busy_wait_until
 .text.hardware_alarm_set_callback
                0x10003a48       0x8c CMakeFiles/rc.dir/C_/VSARM/sdk/pico/pico-sdk/src/rp2_common/hardware_timer/timer.c.obj
                0x10003a48                hardware_alarm_set_callback
 .text.hardware_alarm_set_target
                0x10003ad4       0xd4 CMakeFiles/rc.dir/C_/VSARM/sdk/pico/pico-sdk/src/rp2_common/hardware_timer/timer.c.obj
                0x10003ad4                hardware_alarm_set_target
 .text.hardware_alarm_cancel
                0x10003ba8       0x3c CMakeFiles/rc.dir/C_/VSARM/sdk/pico/pico-sdk/src/rp2_common/hardware_timer/timer.c.obj
                0x10003ba8                hardware_alarm_cancel
 .text.hardware_alarm_force_irq
                0x10003be4       0x3c CMakeFiles/rc.dir/C_/VSARM/sdk/pico/pico-sdk/src/rp2_common/hardware_timer/timer.c.obj
                0x10003be4                hardware_alarm_force_irq
 .text.ph_merge_nodes
                0x10003c20       0x68 CMakeFiles/rc.dir/C_/VSARM/sdk/pico/pico-sdk/src/common/pico_util/pheap.c.obj
 .text.ph_create
                0x10003c88       0x68 CMakeFiles/rc.dir/C_/VSARM/sdk/pico/pico-sdk/src/common/pico_util/pheap.c.obj
                0x10003c88                ph_create
 .text.ph_post_alloc_init
                0x10003cf0       0x3c CMakeFiles/rc.dir/C_/VSARM/sdk/pico/pico-sdk/src/common/pico_util/pheap.c.obj
                0x10003cf0                ph_post_alloc_init
 .text.ph_destroy
                0x10003d2c       0x14 CMakeFiles/rc.dir/C_/VSARM/sdk/pico/pico-sdk/src/common/pico_util/pheap.c.obj
                0x10003d2c                ph_destroy
 .text.ph_merge_two_pass
                0x10003d40       0x9c CMakeFiles/rc.dir/C_/VSARM/sdk/pico/pico-sdk/src/common/pico_util/pheap.c.obj
                0x10003d40                ph_merge_two_pass
 .text.ph_remove_any_head
                0x10003ddc      0x100 CMakeFiles/rc.dir/C_/VSARM/sdk/pico/pico-sdk/src/common/pico_util/pheap.c.obj
 .text.ph_remove_head
                0x10003edc      0x104 CMakeFiles/rc.dir/C_/VSARM/sdk/pico/pico-sdk/src/common/pico_util/pheap.c.obj
                0x10003edc                ph_remove_head
 .text.ph_remove_and_free_node
                0x10003fe0       0x7c CMakeFiles/rc.dir/C_/VSARM/sdk/pico/pico-sdk/src/common/pico_util/pheap.c.obj
                0x10003fe0                ph_remove_and_free_node
 .text.clocks_init
                0x1000405c      0x2c4 CMakeFiles/rc.dir/C_/VSARM/sdk/pico/pico-sdk/src/rp2_common/hardware_clocks/clocks.c.obj
                0x1000405c                clocks_init
 .text.clock_get_hz
                0x10004320        0xc CMakeFiles/rc.dir/C_/VSARM/sdk/pico/pico-sdk/src/rp2_common/hardware_clocks/clocks.c.obj
                0x10004320                clock_get_hz
 .text.pll_init
                0x1000432c       0xa0 CMakeFiles/rc.dir/C_/VSARM/sdk/pico/pico-sdk/src/rp2_common/hardware_pll/pll.c.obj
                0x1000432c                pll_init
 .text.watchdog_start_tick
                0x100043cc       0x10 CMakeFiles/rc.dir/C_/VSARM/sdk/pico/pico-sdk/src/rp2_common/hardware_watchdog/watchdog.c.obj
                0x100043cc                watchdog_start_tick
 .text.watchdog_reboot
                0x100043dc       0x9c CMakeFiles/rc.dir/C_/VSARM/sdk/pico/pico-sdk/src/rp2_common/hardware_watchdog/watchdog.c.obj
                0x100043dc                watchdog_reboot
 .text.xosc_init
                0x10004478       0x28 CMakeFiles/rc.dir/C_/VSARM/sdk/pico/pico-sdk/src/rp2_common/hardware_xosc/xosc.c.obj
                0x10004478                xosc_init
 .text.runtime_init
                0x100044a0       0xf0 CMakeFiles/rc.dir/C_/VSARM/sdk/pico/pico-sdk/src/rp2_common/pico_runtime/runtime.c.obj
                0x100044a0                runtime_init
 .text._exit    0x10004590        0x4 CMakeFiles/rc.dir/C_/VSARM/sdk/pico/pico-sdk/src/rp2_common/pico_runtime/runtime.c.obj
                0x10004590                _exit
 .text._sbrk    0x10004594       0x34 CMakeFiles/rc.dir/C_/VSARM/sdk/pico/pico-sdk/src/rp2_common/pico_runtime/runtime.c.obj
                0x10004594                _sbrk
 .text.exit     0x100045c8        0x8 CMakeFiles/rc.dir/C_/VSARM/sdk/pico/pico-sdk/src/rp2_common/pico_runtime/runtime.c.obj
                0x100045c8                exit
 .text.panic    0x100045d0       0x30 CMakeFiles/rc.dir/C_/VSARM/sdk/pico/pico-sdk/src/rp2_common/pico_runtime/runtime.c.obj
                0x100045d0                panic
 .text.hard_assertion_failure
                0x10004600        0xc CMakeFiles/rc.dir/C_/VSARM/sdk/pico/pico-sdk/src/rp2_common/pico_runtime/runtime.c.obj
                0x10004600                hard_assertion_failure
 .text._out_buffer
                0x1000460c        0x8 CMakeFiles/rc.dir/C_/VSARM/sdk/pico/pico-sdk/src/rp2_common/pico_printf/printf.c.obj
 .text._out_null
                0x10004614        0x4 CMakeFiles/rc.dir/C_/VSARM/sdk/pico/pico-sdk/src/rp2_common/pico_printf/printf.c.obj
 .text._out_rev
                0x10004618       0x90 CMakeFiles/rc.dir/C_/VSARM/sdk/pico/pico-sdk/src/rp2_common/pico_printf/printf.c.obj
 .text._ntoa_format
                0x100046a8      0x1cc CMakeFiles/rc.dir/C_/VSARM/sdk/pico/pico-sdk/src/rp2_common/pico_printf/printf.c.obj
 .text._out_char
                0x10004874       0x10 CMakeFiles/rc.dir/C_/VSARM/sdk/pico/pico-sdk/src/rp2_common/pico_printf/printf.c.obj
 .text._out_fct
                0x10004884       0x10 CMakeFiles/rc.dir/C_/VSARM/sdk/pico/pico-sdk/src/rp2_common/pico_printf/printf.c.obj
 .text._etoa    0x10004894      0x44c CMakeFiles/rc.dir/C_/VSARM/sdk/pico/pico-sdk/src/rp2_common/pico_printf/printf.c.obj
 .text._ftoa    0x10004ce0      0x3d0 CMakeFiles/rc.dir/C_/VSARM/sdk/pico/pico-sdk/src/rp2_common/pico_printf/printf.c.obj
 .text._vsnprintf
                0x100050b0      0xabc CMakeFiles/rc.dir/C_/VSARM/sdk/pico/pico-sdk/src/rp2_common/pico_printf/printf.c.obj
 .text.__wrap_sprintf
                0x10005b6c       0x2c CMakeFiles/rc.dir/C_/VSARM/sdk/pico/pico-sdk/src/rp2_common/pico_printf/printf.c.obj
                0x10005b6c                __wrap_sprintf
 .text.vfctprintf
                0x10005b98       0x20 CMakeFiles/rc.dir/C_/VSARM/sdk/pico/pico-sdk/src/rp2_common/pico_printf/printf.c.obj
                0x10005b98                vfctprintf
 .text.weak_raw_vprintf
                0x10005bb8       0x30 CMakeFiles/rc.dir/C_/VSARM/sdk/pico/pico-sdk/src/rp2_common/pico_printf/printf.c.obj
                0x10005bb8                weak_raw_vprintf
 .text          0x10005be8       0x10 CMakeFiles/rc.dir/C_/VSARM/sdk/pico/pico-sdk/src/rp2_common/pico_bit_ops/bit_ops_aeabi.S.obj
 .text.ctzsi    0x10005bf8        0xc CMakeFiles/rc.dir/C_/VSARM/sdk/pico/pico-sdk/src/rp2_common/pico_bit_ops/bit_ops_aeabi.S.obj
                0x10005bf8                __wrap___ctzsi2
 .text.rom_func_lookup
                0x10005c04       0x10 CMakeFiles/rc.dir/C_/VSARM/sdk/pico/pico-sdk/src/rp2_common/pico_bootrom/bootrom.c.obj
                0x10005c04                rom_func_lookup
 .text.rom_data_lookup
                0x10005c14       0x10 CMakeFiles/rc.dir/C_/VSARM/sdk/pico/pico-sdk/src/rp2_common/pico_bootrom/bootrom.c.obj
                0x10005c14                rom_data_lookup
 .text.rom_funcs_lookup
                0x10005c24       0x44 CMakeFiles/rc.dir/C_/VSARM/sdk/pico/pico-sdk/src/rp2_common/pico_bootrom/bootrom.c.obj
                0x10005c24                rom_funcs_lookup
 .text.__wrap___aeabi_idiv
                0x10005c68       0x50 CMakeFiles/rc.dir/C_/VSARM/sdk/pico/pico-sdk/src/rp2_common/pico_divider/divider.S.obj
                0x10005c68                __wrap___aeabi_idivmod
                0x10005c68                divmod_s32s32
                0x10005c68                div_s32s32
                0x10005c68                __wrap___aeabi_idiv
                0x10005c70                divmod_s32s32_unsafe
                0x10005c9c                divmod_s32s32_savestate
 .text.__wrap___aeabi_uidiv
                0x10005cb8       0x4c CMakeFiles/rc.dir/C_/VSARM/sdk/pico/pico-sdk/src/rp2_common/pico_divider/divider.S.obj
                0x10005cb8                __wrap___aeabi_uidiv
                0x10005cb8                __wrap___aeabi_uidivmod
                0x10005cb8                div_u32u32
                0x10005cb8                divmod_u32u32
                0x10005cc0                divmod_u32u32_unsafe
                0x10005ce8                divmod_u32u32_savestate
 .text.__wrap___aeabi_ldiv
                0x10005d04      0x424 CMakeFiles/rc.dir/C_/VSARM/sdk/pico/pico-sdk/src/rp2_common/pico_divider/divider.S.obj
                0x10005d04                div_s64s64
                0x10005d04                divmod_s64s64
                0x10005d04                __wrap___aeabi_ldivmod
                0x10005d34                divmod_u64u64
                0x10005d34                div_u64u64
                0x10005d34                __wrap___aeabi_uldivmod
                0x10005d44                divmod_u64u64_savestate
                0x10005d64                divmod_s64s64_unsafe
                0x10005dec                divmod_u64u64_unsafe
 .text.__wrap___aeabi_darithmetic
                0x10006128       0x60 CMakeFiles/rc.dir/C_/VSARM/sdk/pico/pico-sdk/src/rp2_common/pico_double/double_aeabi.S.obj
                0x10006128                __wrap___aeabi_drsub
                0x1000612e                __wrap___aeabi_dsub
                0x10006138                __wrap___aeabi_dadd
                0x10006142                __wrap___aeabi_ddiv
                0x10006176                __wrap___aeabi_dmul
 .text.__wrap___aeabi_cdcmple
                0x10006188       0x6c CMakeFiles/rc.dir/C_/VSARM/sdk/pico/pico-sdk/src/rp2_common/pico_double/double_aeabi.S.obj
                0x10006188                __wrap___aeabi_cdrcmple
                0x10006198                __wrap___aeabi_cdcmpeq
                0x10006198                __wrap___aeabi_cdcmple
 .text.__wrap___aeabi_dcmplt
                0x100061f4        0xc CMakeFiles/rc.dir/C_/VSARM/sdk/pico/pico-sdk/src/rp2_common/pico_double/double_aeabi.S.obj
                0x100061f4                __wrap___aeabi_dcmplt
 .text.__wrap___aeabi_dcmple
                0x10006200       0x10 CMakeFiles/rc.dir/C_/VSARM/sdk/pico/pico-sdk/src/rp2_common/pico_double/double_aeabi.S.obj
                0x10006200                __wrap___aeabi_dcmple
 .text.__wrap___aeabi_dcmpge
                0x10006210       0x10 CMakeFiles/rc.dir/C_/VSARM/sdk/pico/pico-sdk/src/rp2_common/pico_double/double_aeabi.S.obj
                0x10006210                __wrap___aeabi_dcmpge
 .text.__wrap___aeabi_dcmpgt
                0x10006220        0xa CMakeFiles/rc.dir/C_/VSARM/sdk/pico/pico-sdk/src/rp2_common/pico_double/double_aeabi.S.obj
                0x10006220                __wrap___aeabi_dcmpgt
 .text.__wrap___aeabi_dcmpun
                0x1000622a       0x1c CMakeFiles/rc.dir/C_/VSARM/sdk/pico/pico-sdk/src/rp2_common/pico_double/double_aeabi.S.obj
                0x1000622a                __wrap___aeabi_dcmpun
 *fill*         0x10006246        0x2 
 .text.__wrap___aeabi_i2d
                0x10006248       0x38 CMakeFiles/rc.dir/C_/VSARM/sdk/pico/pico-sdk/src/rp2_common/pico_double/double_aeabi.S.obj
                0x10006248                __wrap___aeabi_ui2d
                0x10006250                __wrap___aeabi_i2d
 .text.__wrap___aeabi_d2iz
                0x10006280       0x48 CMakeFiles/rc.dir/C_/VSARM/sdk/pico/pico-sdk/src/rp2_common/pico_double/double_aeabi.S.obj
                0x10006280                double2int_z
                0x10006280                __wrap___aeabi_d2iz
 .text.__wrap___aeabi_d2uiz
                0x100062c8       0x10 CMakeFiles/rc.dir/C_/VSARM/sdk/pico/pico-sdk/src/rp2_common/pico_double/double_aeabi.S.obj
                0x100062c8                __wrap___aeabi_d2uiz
                0x100062c8                double2uint
 .text.missing_double_func_shim
                0x100062d8        0xc CMakeFiles/rc.dir/C_/VSARM/sdk/pico/pico-sdk/src/rp2_common/pico_double/double_init_rom.c.obj
 .text.__aeabi_double_init
                0x100062e4       0x98 CMakeFiles/rc.dir/C_/VSARM/sdk/pico/pico-sdk/src/rp2_common/pico_double/double_init_rom.c.obj
                0x100062e4                __aeabi_double_init
 .text.double_table_shim_on_use_helper
                0x1000637c       0x2c CMakeFiles/rc.dir/C_/VSARM/sdk/pico/pico-sdk/src/rp2_common/pico_double/double_v1_rom_shim.S.obj
                0x1000637c                double_table_shim_on_use_helper
 .text.__aeabi_lmul
                0x100063a8       0x32 CMakeFiles/rc.dir/C_/VSARM/sdk/pico/pico-sdk/src/rp2_common/pico_int64_ops/pico_int64_ops_aeabi.S.obj
                0x100063a8                __wrap___aeabi_lmul
 *fill*         0x100063da        0x2 
 .text.missing_float_func_shim
                0x100063dc        0xc CMakeFiles/rc.dir/C_/VSARM/sdk/pico/pico-sdk/src/rp2_common/pico_float/float_init_rom.c.obj
 .text.__aeabi_float_init
                0x100063e8       0x5c CMakeFiles/rc.dir/C_/VSARM/sdk/pico/pico-sdk/src/rp2_common/pico_float/float_init_rom.c.obj
                0x100063e8                __aeabi_float_init
 .text.__wrap_malloc
                0x10006444       0x3c CMakeFiles/rc.dir/C_/VSARM/sdk/pico/pico-sdk/src/rp2_common/pico_malloc/pico_malloc.c.obj
                0x10006444                __wrap_malloc
 .text.__wrap_calloc
                0x10006480       0x40 CMakeFiles/rc.dir/C_/VSARM/sdk/pico/pico-sdk/src/rp2_common/pico_malloc/pico_malloc.c.obj
                0x10006480                __wrap_calloc
 .text.__wrap_free
                0x100064c0       0x20 CMakeFiles/rc.dir/C_/VSARM/sdk/pico/pico-sdk/src/rp2_common/pico_malloc/pico_malloc.c.obj
                0x100064c0                __wrap_free
 .text          0x100064e0       0x10 CMakeFiles/rc.dir/C_/VSARM/sdk/pico/pico-sdk/src/rp2_common/pico_mem_ops/mem_ops_aeabi.S.obj
                0x100064e0                __aeabi_mem_init
 .text.memset   0x100064f0        0xc CMakeFiles/rc.dir/C_/VSARM/sdk/pico/pico-sdk/src/rp2_common/pico_mem_ops/mem_ops_aeabi.S.obj
                0x100064f0                __wrap_memset
 .text.memcpy   0x100064fc        0xc CMakeFiles/rc.dir/C_/VSARM/sdk/pico/pico-sdk/src/rp2_common/pico_mem_ops/mem_ops_aeabi.S.obj
                0x100064fc                __wrap_memcpy
                0x100064fc                __wrap___aeabi_memcpy
 .text.stdio_out_chars_no_crlf
                0x10006508       0x10 CMakeFiles/rc.dir/C_/VSARM/sdk/pico/pico-sdk/src/rp2_common/pico_stdio/stdio.c.obj
 .text.stdio_out_chars_crlf
                0x10006518       0xb4 CMakeFiles/rc.dir/C_/VSARM/sdk/pico/pico-sdk/src/rp2_common/pico_stdio/stdio.c.obj
 .text.stdio_buffered_printer
                0x100065cc       0x64 CMakeFiles/rc.dir/C_/VSARM/sdk/pico/pico-sdk/src/rp2_common/pico_stdio/stdio.c.obj
 .text.stdio_put_string.isra.0
                0x10006630      0x100 CMakeFiles/rc.dir/C_/VSARM/sdk/pico/pico-sdk/src/rp2_common/pico_stdio/stdio.c.obj
 .text.__wrap_putchar
                0x10006730       0x98 CMakeFiles/rc.dir/C_/VSARM/sdk/pico/pico-sdk/src/rp2_common/pico_stdio/stdio.c.obj
                0x10006730                __wrap_putchar
 .text.__wrap_puts
                0x100067c8       0x3c CMakeFiles/rc.dir/C_/VSARM/sdk/pico/pico-sdk/src/rp2_common/pico_stdio/stdio.c.obj
                0x100067c8                __wrap_puts
 .text.stdio_set_driver_enabled
                0x10006804       0x30 CMakeFiles/rc.dir/C_/VSARM/sdk/pico/pico-sdk/src/rp2_common/pico_stdio/stdio.c.obj
                0x10006804                stdio_set_driver_enabled
 .text.__wrap_vprintf
                0x10006834       0xd4 CMakeFiles/rc.dir/C_/VSARM/sdk/pico/pico-sdk/src/rp2_common/pico_stdio/stdio.c.obj
                0x10006834                __wrap_vprintf
 .text.__wrap_printf
                0x10006908       0x18 CMakeFiles/rc.dir/C_/VSARM/sdk/pico/pico-sdk/src/rp2_common/pico_stdio/stdio.c.obj
                0x10006908                __wrap_printf
 .text.stdio_init_all
                0x10006920        0x8 CMakeFiles/rc.dir/C_/VSARM/sdk/pico/pico-sdk/src/rp2_common/pico_stdio/stdio.c.obj
                0x10006920                stdio_init_all
 .text.resetd_init
                0x10006928        0x4 CMakeFiles/rc.dir/C_/VSARM/sdk/pico/pico-sdk/src/rp2_common/pico_stdio_usb/reset_interface.c.obj
 .text.resetd_reset
                0x1000692c        0xc CMakeFiles/rc.dir/C_/VSARM/sdk/pico/pico-sdk/src/rp2_common/pico_stdio_usb/reset_interface.c.obj
 .text.resetd_open
                0x10006938       0x28 CMakeFiles/rc.dir/C_/VSARM/sdk/pico/pico-sdk/src/rp2_common/pico_stdio_usb/reset_interface.c.obj
 .text.resetd_xfer_cb
                0x10006960        0x4 CMakeFiles/rc.dir/C_/VSARM/sdk/pico/pico-sdk/src/rp2_common/pico_stdio_usb/reset_interface.c.obj
 .text.resetd_control_xfer_cb
                0x10006964       0x64 CMakeFiles/rc.dir/C_/VSARM/sdk/pico/pico-sdk/src/rp2_common/pico_stdio_usb/reset_interface.c.obj
 .text.usbd_app_driver_get_cb
                0x100069c8        0xc CMakeFiles/rc.dir/C_/VSARM/sdk/pico/pico-sdk/src/rp2_common/pico_stdio_usb/reset_interface.c.obj
                0x100069c8                usbd_app_driver_get_cb
 .text.tud_cdc_line_coding_cb
                0x100069d4       0x34 CMakeFiles/rc.dir/C_/VSARM/sdk/pico/pico-sdk/src/rp2_common/pico_stdio_usb/reset_interface.c.obj
                0x100069d4                tud_cdc_line_coding_cb
 .text.stdio_usb_set_chars_available_callback
                0x10006a08       0x14 CMakeFiles/rc.dir/C_/VSARM/sdk/pico/pico-sdk/src/rp2_common/pico_stdio_usb/stdio_usb.c.obj
                0x10006a08                stdio_usb_set_chars_available_callback
 .text.usb_irq  0x10006a1c       0x10 CMakeFiles/rc.dir/C_/VSARM/sdk/pico/pico-sdk/src/rp2_common/pico_stdio_usb/stdio_usb.c.obj
 .text.timer_task
                0x10006a2c       0x54 CMakeFiles/rc.dir/C_/VSARM/sdk/pico/pico-sdk/src/rp2_common/pico_stdio_usb/stdio_usb.c.obj
 .text.stdio_usb_in_chars
                0x10006a80       0x94 CMakeFiles/rc.dir/C_/VSARM/sdk/pico/pico-sdk/src/rp2_common/pico_stdio_usb/stdio_usb.c.obj
                0x10006a80                stdio_usb_in_chars
 .text.stdio_usb_out_chars
                0x10006b14      0x104 CMakeFiles/rc.dir/C_/VSARM/sdk/pico/pico-sdk/src/rp2_common/pico_stdio_usb/stdio_usb.c.obj
 .text.low_priority_worker_irq
                0x10006c18       0xa8 CMakeFiles/rc.dir/C_/VSARM/sdk/pico/pico-sdk/src/rp2_common/pico_stdio_usb/stdio_usb.c.obj
 .text.tud_cdc_rx_cb
                0x10006cc0       0x20 CMakeFiles/rc.dir/C_/VSARM/sdk/pico/pico-sdk/src/rp2_common/pico_stdio_usb/stdio_usb.c.obj
                0x10006cc0                tud_cdc_rx_cb
 .text.stdio_usb_init
                0x10006ce0       0xe0 CMakeFiles/rc.dir/C_/VSARM/sdk/pico/pico-sdk/src/rp2_common/pico_stdio_usb/stdio_usb.c.obj
                0x10006ce0                stdio_usb_init
 .text.tud_descriptor_device_cb
                0x10006dc0        0x8 CMakeFiles/rc.dir/C_/VSARM/sdk/pico/pico-sdk/src/rp2_common/pico_stdio_usb/stdio_usb_descriptors.c.obj
                0x10006dc0                tud_descriptor_device_cb
 .text.tud_descriptor_configuration_cb
                0x10006dc8        0x8 CMakeFiles/rc.dir/C_/VSARM/sdk/pico/pico-sdk/src/rp2_common/pico_stdio_usb/stdio_usb_descriptors.c.obj
                0x10006dc8                tud_descriptor_configuration_cb
 .text.tud_descriptor_string_cb
                0x10006dd0       0x74 CMakeFiles/rc.dir/C_/VSARM/sdk/pico/pico-sdk/src/rp2_common/pico_stdio_usb/stdio_usb_descriptors.c.obj
                0x10006dd0                tud_descriptor_string_cb
 .text.startup._retrieve_unique_id_on_boot
                0x10006e44       0x10 CMakeFiles/rc.dir/C_/VSARM/sdk/pico/pico-sdk/src/rp2_common/pico_unique_id/unique_id.c.obj
 .text.pico_get_unique_board_id
                0x10006e54       0x10 CMakeFiles/rc.dir/C_/VSARM/sdk/pico/pico-sdk/src/rp2_common/pico_unique_id/unique_id.c.obj
                0x10006e54                pico_get_unique_board_id
 .text.pico_get_unique_board_id_string
                0x10006e64      0x1a8 CMakeFiles/rc.dir/C_/VSARM/sdk/pico/pico-sdk/src/rp2_common/pico_unique_id/unique_id.c.obj
                0x10006e64                pico_get_unique_board_id_string
 .text.flash_get_unique_id
                0x1000700c       0x40 CMakeFiles/rc.dir/C_/VSARM/sdk/pico/pico-sdk/src/rp2_common/hardware_flash/flash.c.obj
                0x1000700c                flash_get_unique_id
 .text.dcd_int_enable
                0x1000704c        0xc CMakeFiles/rc.dir/C_/VSARM/sdk/pico/pico-sdk/lib/tinyusb/src/portable/raspberrypi/rp2040/dcd_rp2040.c.obj
                0x1000704c                dcd_int_enable
 .text.dcd_set_address
                0x10007058       0x14 CMakeFiles/rc.dir/C_/VSARM/sdk/pico/pico-sdk/lib/tinyusb/src/portable/raspberrypi/rp2040/dcd_rp2040.c.obj
                0x10007058                dcd_set_address
 .text.dcd_connect
                0x1000706c       0x10 CMakeFiles/rc.dir/C_/VSARM/sdk/pico/pico-sdk/lib/tinyusb/src/portable/raspberrypi/rp2040/dcd_rp2040.c.obj
                0x1000706c                dcd_connect
 .text.dcd_init
                0x1000707c       0x98 CMakeFiles/rc.dir/C_/VSARM/sdk/pico/pico-sdk/lib/tinyusb/src/portable/raspberrypi/rp2040/dcd_rp2040.c.obj
                0x1000707c                dcd_init
 .text.dcd_edpt0_status_complete
                0x10007114       0x1c CMakeFiles/rc.dir/C_/VSARM/sdk/pico/pico-sdk/lib/tinyusb/src/portable/raspberrypi/rp2040/dcd_rp2040.c.obj
                0x10007114                dcd_edpt0_status_complete
 .text.dcd_edpt_open
                0x10007130      0x108 CMakeFiles/rc.dir/C_/VSARM/sdk/pico/pico-sdk/lib/tinyusb/src/portable/raspberrypi/rp2040/dcd_rp2040.c.obj
                0x10007130                dcd_edpt_open
 .text.dcd_edpt_close_all
                0x10007238        0x8 CMakeFiles/rc.dir/C_/VSARM/sdk/pico/pico-sdk/lib/tinyusb/src/portable/raspberrypi/rp2040/dcd_rp2040.c.obj
                0x10007238                dcd_edpt_close_all
 .text.dcd_edpt_xfer
                0x10007240       0x24 CMakeFiles/rc.dir/C_/VSARM/sdk/pico/pico-sdk/lib/tinyusb/src/portable/raspberrypi/rp2040/dcd_rp2040.c.obj
                0x10007240                dcd_edpt_xfer
 .text.dcd_edpt_stall
                0x10007264       0x38 CMakeFiles/rc.dir/C_/VSARM/sdk/pico/pico-sdk/lib/tinyusb/src/portable/raspberrypi/rp2040/dcd_rp2040.c.obj
                0x10007264                dcd_edpt_stall
 .text.dcd_edpt_clear_stall
                0x1000729c       0x30 CMakeFiles/rc.dir/C_/VSARM/sdk/pico/pico-sdk/lib/tinyusb/src/portable/raspberrypi/rp2040/dcd_rp2040.c.obj
                0x1000729c                dcd_edpt_clear_stall
 .text.rp2040_usb_init
                0x100072cc       0x4c CMakeFiles/rc.dir/C_/VSARM/sdk/pico/pico-sdk/lib/tinyusb/src/portable/raspberrypi/rp2040/rp2040_usb.c.obj
                0x100072cc                rp2040_usb_init
 .text.hw_endpoint_xfer_start
                0x10007318       0x50 CMakeFiles/rc.dir/C_/VSARM/sdk/pico/pico-sdk/lib/tinyusb/src/portable/raspberrypi/rp2040/rp2040_usb.c.obj
                0x10007318                hw_endpoint_xfer_start
 .text.tud_mounted
                0x10007368       0x10 CMakeFiles/rc.dir/C_/VSARM/sdk/pico/pico-sdk/lib/tinyusb/src/device/usbd.c.obj
                0x10007368                tud_mounted
 .text.tud_suspended
                0x10007378       0x10 CMakeFiles/rc.dir/C_/VSARM/sdk/pico/pico-sdk/lib/tinyusb/src/device/usbd.c.obj
                0x10007378                tud_suspended
 .text.tud_inited
                0x10007388       0x14 CMakeFiles/rc.dir/C_/VSARM/sdk/pico/pico-sdk/lib/tinyusb/src/device/usbd.c.obj
                0x10007388                tud_inited
 .text.tud_init
                0x1000739c       0xe0 CMakeFiles/rc.dir/C_/VSARM/sdk/pico/pico-sdk/lib/tinyusb/src/device/usbd.c.obj
                0x1000739c                tud_init
 .text.tud_task_ext
                0x1000747c      0x8a8 CMakeFiles/rc.dir/C_/VSARM/sdk/pico/pico-sdk/lib/tinyusb/src/device/usbd.c.obj
                0x1000747c                tud_task_ext
 .text.usbd_open_edpt_pair
                0x10007d24       0x9c CMakeFiles/rc.dir/C_/VSARM/sdk/pico/pico-sdk/lib/tinyusb/src/device/usbd.c.obj
                0x10007d24                usbd_open_edpt_pair
 .text.usbd_defer_func
                0x10007dc0       0x48 CMakeFiles/rc.dir/C_/VSARM/sdk/pico/pico-sdk/lib/tinyusb/src/device/usbd.c.obj
                0x10007dc0                usbd_defer_func
 .text.usbd_edpt_open
                0x10007e08       0x34 CMakeFiles/rc.dir/C_/VSARM/sdk/pico/pico-sdk/lib/tinyusb/src/device/usbd.c.obj
                0x10007e08                usbd_edpt_open
 .text.usbd_edpt_claim
                0x10007e3c       0x28 CMakeFiles/rc.dir/C_/VSARM/sdk/pico/pico-sdk/lib/tinyusb/src/device/usbd.c.obj
                0x10007e3c                usbd_edpt_claim
 .text.usbd_edpt_release
                0x10007e64       0x28 CMakeFiles/rc.dir/C_/VSARM/sdk/pico/pico-sdk/lib/tinyusb/src/device/usbd.c.obj
                0x10007e64                usbd_edpt_release
 .text.usbd_edpt_xfer
                0x10007e8c       0x4c CMakeFiles/rc.dir/C_/VSARM/sdk/pico/pico-sdk/lib/tinyusb/src/device/usbd.c.obj
                0x10007e8c                usbd_edpt_xfer
 .text.tud_control_status
                0x10007ed8       0x2c CMakeFiles/rc.dir/C_/VSARM/sdk/pico/pico-sdk/lib/tinyusb/src/device/usbd_control.c.obj
                0x10007ed8                tud_control_status
 .text.tud_control_xfer
                0x10007f04       0xac CMakeFiles/rc.dir/C_/VSARM/sdk/pico/pico-sdk/lib/tinyusb/src/device/usbd_control.c.obj
                0x10007f04                tud_control_xfer
 .text.usbd_control_reset
                0x10007fb0       0x14 CMakeFiles/rc.dir/C_/VSARM/sdk/pico/pico-sdk/lib/tinyusb/src/device/usbd_control.c.obj
                0x10007fb0                usbd_control_reset
 .text.usbd_control_set_complete_callback
                0x10007fc4        0xc CMakeFiles/rc.dir/C_/VSARM/sdk/pico/pico-sdk/lib/tinyusb/src/device/usbd_control.c.obj
                0x10007fc4                usbd_control_set_complete_callback
 .text.usbd_control_set_request
                0x10007fd0       0x1c CMakeFiles/rc.dir/C_/VSARM/sdk/pico/pico-sdk/lib/tinyusb/src/device/usbd_control.c.obj
                0x10007fd0                usbd_control_set_request
 .text.usbd_control_xfer_cb
                0x10007fec       0xf4 CMakeFiles/rc.dir/C_/VSARM/sdk/pico/pico-sdk/lib/tinyusb/src/device/usbd_control.c.obj
                0x10007fec                usbd_control_xfer_cb
 .text.tud_cdc_n_connected
                0x100080e0       0x30 CMakeFiles/rc.dir/C_/VSARM/sdk/pico/pico-sdk/lib/tinyusb/src/class/cdc/cdc_device.c.obj
                0x100080e0                tud_cdc_n_connected
 .text.tud_cdc_n_available
                0x10008110       0x18 CMakeFiles/rc.dir/C_/VSARM/sdk/pico/pico-sdk/lib/tinyusb/src/class/cdc/cdc_device.c.obj
                0x10008110                tud_cdc_n_available
 .text.tud_cdc_n_read
                0x10008128       0x70 CMakeFiles/rc.dir/C_/VSARM/sdk/pico/pico-sdk/lib/tinyusb/src/class/cdc/cdc_device.c.obj
                0x10008128                tud_cdc_n_read
 .text.tud_cdc_n_write_flush
                0x10008198       0x78 CMakeFiles/rc.dir/C_/VSARM/sdk/pico/pico-sdk/lib/tinyusb/src/class/cdc/cdc_device.c.obj
                0x10008198                tud_cdc_n_write_flush
 .text.tud_cdc_n_write
                0x10008210       0x34 CMakeFiles/rc.dir/C_/VSARM/sdk/pico/pico-sdk/lib/tinyusb/src/class/cdc/cdc_device.c.obj
                0x10008210                tud_cdc_n_write
 .text.tud_cdc_n_write_available
                0x10008244       0x18 CMakeFiles/rc.dir/C_/VSARM/sdk/pico/pico-sdk/lib/tinyusb/src/class/cdc/cdc_device.c.obj
                0x10008244                tud_cdc_n_write_available
 .text.cdcd_init
                0x1000825c       0x7c CMakeFiles/rc.dir/C_/VSARM/sdk/pico/pico-sdk/lib/tinyusb/src/class/cdc/cdc_device.c.obj
                0x1000825c                cdcd_init
 .text.cdcd_reset
                0x100082d8       0x2c CMakeFiles/rc.dir/C_/VSARM/sdk/pico/pico-sdk/lib/tinyusb/src/class/cdc/cdc_device.c.obj
                0x100082d8                cdcd_reset
 .text.cdcd_open
                0x10008304       0xe8 CMakeFiles/rc.dir/C_/VSARM/sdk/pico/pico-sdk/lib/tinyusb/src/class/cdc/cdc_device.c.obj
                0x10008304                cdcd_open
 .text.cdcd_control_xfer_cb
                0x100083ec       0xe4 CMakeFiles/rc.dir/C_/VSARM/sdk/pico/pico-sdk/lib/tinyusb/src/class/cdc/cdc_device.c.obj
                0x100083ec                cdcd_control_xfer_cb
 .text.cdcd_xfer_cb
                0x100084d0      0x148 CMakeFiles/rc.dir/C_/VSARM/sdk/pico/pico-sdk/lib/tinyusb/src/class/cdc/cdc_device.c.obj
                0x100084d0                cdcd_xfer_cb
 .text.tusb_init
                0x10008618        0xc CMakeFiles/rc.dir/C_/VSARM/sdk/pico/pico-sdk/lib/tinyusb/src/tusb.c.obj
                0x10008618                tusb_init
 .text.tusb_inited
                0x10008624        0x8 CMakeFiles/rc.dir/C_/VSARM/sdk/pico/pico-sdk/lib/tinyusb/src/tusb.c.obj
                0x10008624                tusb_inited
 .text.tu_edpt_claim
                0x1000862c       0x50 CMakeFiles/rc.dir/C_/VSARM/sdk/pico/pico-sdk/lib/tinyusb/src/tusb.c.obj
                0x1000862c                tu_edpt_claim
 .text.tu_edpt_release
                0x1000867c       0x38 CMakeFiles/rc.dir/C_/VSARM/sdk/pico/pico-sdk/lib/tinyusb/src/tusb.c.obj
                0x1000867c                tu_edpt_release
 .text.tu_edpt_validate
                0x100086b4       0x74 CMakeFiles/rc.dir/C_/VSARM/sdk/pico/pico-sdk/lib/tinyusb/src/tusb.c.obj
                0x100086b4                tu_edpt_validate
 .text.tu_edpt_bind_driver
                0x10008728       0x34 CMakeFiles/rc.dir/C_/VSARM/sdk/pico/pico-sdk/lib/tinyusb/src/tusb.c.obj
                0x10008728                tu_edpt_bind_driver
 .text.tu_fifo_config
                0x1000875c       0x70 CMakeFiles/rc.dir/C_/VSARM/sdk/pico/pico-sdk/lib/tinyusb/src/common/tusb_fifo.c.obj
                0x1000875c                tu_fifo_config
 .text.tu_fifo_count
                0x100087cc       0x2c CMakeFiles/rc.dir/C_/VSARM/sdk/pico/pico-sdk/lib/tinyusb/src/common/tusb_fifo.c.obj
                0x100087cc                tu_fifo_count
 .text.tu_fifo_empty
                0x100087f8       0x10 CMakeFiles/rc.dir/C_/VSARM/sdk/pico/pico-sdk/lib/tinyusb/src/common/tusb_fifo.c.obj
                0x100087f8                tu_fifo_empty
 .text.tu_fifo_remaining
                0x10008808       0x2c CMakeFiles/rc.dir/C_/VSARM/sdk/pico/pico-sdk/lib/tinyusb/src/common/tusb_fifo.c.obj
                0x10008808                tu_fifo_remaining
 .text.tu_fifo_read
                0x10008834       0xa0 CMakeFiles/rc.dir/C_/VSARM/sdk/pico/pico-sdk/lib/tinyusb/src/common/tusb_fifo.c.obj
                0x10008834                tu_fifo_read
 .text.tu_fifo_read_n
                0x100088d4       0xe8 CMakeFiles/rc.dir/C_/VSARM/sdk/pico/pico-sdk/lib/tinyusb/src/common/tusb_fifo.c.obj
                0x100088d4                tu_fifo_read_n
 .text.tu_fifo_write
                0x100089bc       0x88 CMakeFiles/rc.dir/C_/VSARM/sdk/pico/pico-sdk/lib/tinyusb/src/common/tusb_fifo.c.obj
                0x100089bc                tu_fifo_write
 .text.tu_fifo_write_n
                0x10008a44      0x160 CMakeFiles/rc.dir/C_/VSARM/sdk/pico/pico-sdk/lib/tinyusb/src/common/tusb_fifo.c.obj
                0x10008a44                tu_fifo_write_n
 .text.tu_fifo_clear
                0x10008ba4       0x40 CMakeFiles/rc.dir/C_/VSARM/sdk/pico/pico-sdk/lib/tinyusb/src/common/tusb_fifo.c.obj
                0x10008ba4                tu_fifo_clear
 .text.tu_fifo_set_overwritable
                0x10008be4       0x48 CMakeFiles/rc.dir/C_/VSARM/sdk/pico/pico-sdk/lib/tinyusb/src/common/tusb_fifo.c.obj
                0x10008be4                tu_fifo_set_overwritable
 .text.lwip_timeout_reached
                0x10008c2c        0x8 CMakeFiles/rc.dir/C_/VSARM/sdk/pico/pico-sdk/src/rp2_common/pico_lwip/lwip_nosys.c.obj
 .text.update_next_timeout
                0x10008c34       0x60 CMakeFiles/rc.dir/C_/VSARM/sdk/pico/pico-sdk/src/rp2_common/pico_lwip/lwip_nosys.c.obj
 .text.lwip_nosys_init
                0x10008c94       0x30 CMakeFiles/rc.dir/C_/VSARM/sdk/pico/pico-sdk/src/rp2_common/pico_lwip/lwip_nosys.c.obj
                0x10008c94                lwip_nosys_init
 .text.lwip_nosys_deinit
                0x10008cc4       0x20 CMakeFiles/rc.dir/C_/VSARM/sdk/pico/pico-sdk/src/rp2_common/pico_lwip/lwip_nosys.c.obj
                0x10008cc4                lwip_nosys_deinit
 .text.sys_arch_protect
                0x10008ce4        0x4 CMakeFiles/rc.dir/C_/VSARM/sdk/pico/pico-sdk/src/rp2_common/pico_lwip/lwip_nosys.c.obj
                0x10008ce4                sys_arch_protect
 .text.sys_arch_unprotect
                0x10008ce8        0x4 CMakeFiles/rc.dir/C_/VSARM/sdk/pico/pico-sdk/src/rp2_common/pico_lwip/lwip_nosys.c.obj
                0x10008ce8                sys_arch_unprotect
 .text.sys_now  0x10008cec       0x20 CMakeFiles/rc.dir/C_/VSARM/sdk/pico/pico-sdk/src/rp2_common/pico_lwip/lwip_nosys.c.obj
                0x10008cec                sys_now
 .text.async_context_base_add_at_time_worker
                0x10008d0c       0x28 CMakeFiles/rc.dir/C_/VSARM/sdk/pico/pico-sdk/src/rp2_common/pico_async_context/async_context_base.c.obj
                0x10008d0c                async_context_base_add_at_time_worker
 .text.async_context_base_remove_at_time_worker
                0x10008d34       0x28 CMakeFiles/rc.dir/C_/VSARM/sdk/pico/pico-sdk/src/rp2_common/pico_async_context/async_context_base.c.obj
                0x10008d34                async_context_base_remove_at_time_worker
 .text.async_context_base_add_when_pending_worker
                0x10008d5c       0x24 CMakeFiles/rc.dir/C_/VSARM/sdk/pico/pico-sdk/src/rp2_common/pico_async_context/async_context_base.c.obj
                0x10008d5c                async_context_base_add_when_pending_worker
 .text.async_context_base_remove_when_pending_worker
                0x10008d80       0x28 CMakeFiles/rc.dir/C_/VSARM/sdk/pico/pico-sdk/src/rp2_common/pico_async_context/async_context_base.c.obj
                0x10008d80                async_context_base_remove_when_pending_worker
 .text.async_context_base_execute_once
                0x10008da8       0xe8 CMakeFiles/rc.dir/C_/VSARM/sdk/pico/pico-sdk/src/rp2_common/pico_async_context/async_context_base.c.obj
                0x10008da8                async_context_base_execute_once
 .text.async_context_base_needs_servicing
                0x10008e90       0x54 CMakeFiles/rc.dir/C_/VSARM/sdk/pico/pico-sdk/src/rp2_common/pico_async_context/async_context_base.c.obj
                0x10008e90                async_context_base_needs_servicing
 .text.splitmix64
                0x10008ee4       0x58 CMakeFiles/rc.dir/C_/VSARM/sdk/pico/pico-sdk/src/rp2_common/pico_rand/rand.c.obj
 .text.xoroshiro128ss
                0x10008f3c       0x90 CMakeFiles/rc.dir/C_/VSARM/sdk/pico/pico-sdk/src/rp2_common/pico_rand/rand.c.obj
 .text.get_rand_64
                0x10008fcc      0x498 CMakeFiles/rc.dir/C_/VSARM/sdk/pico/pico-sdk/src/rp2_common/pico_rand/rand.c.obj
                0x10008fcc                get_rand_64
 .text.get_rand_32
                0x10009464        0x8 CMakeFiles/rc.dir/C_/VSARM/sdk/pico/pico-sdk/src/rp2_common/pico_rand/rand.c.obj
                0x10009464                get_rand_32
 .text.lwip_init
                0x1000946c       0x24 CMakeFiles/rc.dir/C_/VSARM/sdk/pico/pico-sdk/lib/lwip/src/core/init.c.obj
                0x1000946c                lwip_init
 .text.lwip_htons
                0x10009490        0x8 CMakeFiles/rc.dir/C_/VSARM/sdk/pico/pico-sdk/lib/lwip/src/core/def.c.obj
                0x10009490                lwip_htons
 .text.lwip_htonl
                0x10009498        0x4 CMakeFiles/rc.dir/C_/VSARM/sdk/pico/pico-sdk/lib/lwip/src/core/def.c.obj
                0x10009498                lwip_htonl
 .text.dns_call_found
                0x1000949c      0x134 CMakeFiles/rc.dir/C_/VSARM/sdk/pico/pico-sdk/lib/lwip/src/core/dns.c.obj
 .text.dns_send.isra.0
                0x100095d0      0x170 CMakeFiles/rc.dir/C_/VSARM/sdk/pico/pico-sdk/lib/lwip/src/core/dns.c.obj
 .text.dns_init
                0x10009740        0x4 CMakeFiles/rc.dir/C_/VSARM/sdk/pico/pico-sdk/lib/lwip/src/core/dns.c.obj
                0x10009740                dns_init
 .text.dns_setserver
                0x10009744       0x24 CMakeFiles/rc.dir/C_/VSARM/sdk/pico/pico-sdk/lib/lwip/src/core/dns.c.obj
                0x10009744                dns_setserver
 .text.dns_getserver
                0x10009768       0x18 CMakeFiles/rc.dir/C_/VSARM/sdk/pico/pico-sdk/lib/lwip/src/core/dns.c.obj
                0x10009768                dns_getserver
 .text.dns_tmr  0x10009780      0x138 CMakeFiles/rc.dir/C_/VSARM/sdk/pico/pico-sdk/lib/lwip/src/core/dns.c.obj
                0x10009780                dns_tmr
 .text.lwip_standard_chksum
                0x100098b8       0xd4 CMakeFiles/rc.dir/C_/VSARM/sdk/pico/pico-sdk/lib/lwip/src/core/inet_chksum.c.obj
                0x100098b8                lwip_standard_chksum
 .text.inet_chksum_pseudo
                0x1000998c       0xc0 CMakeFiles/rc.dir/C_/VSARM/sdk/pico/pico-sdk/lib/lwip/src/core/inet_chksum.c.obj
                0x1000998c                inet_chksum_pseudo
 .text.ip_chksum_pseudo
                0x10009a4c       0x10 CMakeFiles/rc.dir/C_/VSARM/sdk/pico/pico-sdk/lib/lwip/src/core/inet_chksum.c.obj
                0x10009a4c                ip_chksum_pseudo
 .text.inet_chksum
                0x10009a5c        0xc CMakeFiles/rc.dir/C_/VSARM/sdk/pico/pico-sdk/lib/lwip/src/core/inet_chksum.c.obj
                0x10009a5c                inet_chksum
 .text.inet_chksum_pbuf
                0x10009a68       0x78 CMakeFiles/rc.dir/C_/VSARM/sdk/pico/pico-sdk/lib/lwip/src/core/inet_chksum.c.obj
                0x10009a68                inet_chksum_pbuf
 .text.mem_init
                0x10009ae0       0x40 CMakeFiles/rc.dir/C_/VSARM/sdk/pico/pico-sdk/lib/lwip/src/core/mem.c.obj
                0x10009ae0                mem_init
 .text.mem_free
                0x10009b20      0x118 CMakeFiles/rc.dir/C_/VSARM/sdk/pico/pico-sdk/lib/lwip/src/core/mem.c.obj
                0x10009b20                mem_free
 .text.mem_trim
                0x10009c38       0xfc CMakeFiles/rc.dir/C_/VSARM/sdk/pico/pico-sdk/lib/lwip/src/core/mem.c.obj
                0x10009c38                mem_trim
 .text.mem_malloc
                0x10009d34      0x118 CMakeFiles/rc.dir/C_/VSARM/sdk/pico/pico-sdk/lib/lwip/src/core/mem.c.obj
                0x10009d34                mem_malloc
 .text.mem_calloc
                0x10009e4c       0x28 CMakeFiles/rc.dir/C_/VSARM/sdk/pico/pico-sdk/lib/lwip/src/core/mem.c.obj
                0x10009e4c                mem_calloc
 .text.memp_init
                0x10009e74       0x6c CMakeFiles/rc.dir/C_/VSARM/sdk/pico/pico-sdk/lib/lwip/src/core/memp.c.obj
                0x10009e74                memp_init
 .text.memp_malloc
                0x10009ee0       0x3c CMakeFiles/rc.dir/C_/VSARM/sdk/pico/pico-sdk/lib/lwip/src/core/memp.c.obj
                0x10009ee0                memp_malloc
 .text.memp_free
                0x10009f1c       0x38 CMakeFiles/rc.dir/C_/VSARM/sdk/pico/pico-sdk/lib/lwip/src/core/memp.c.obj
                0x10009f1c                memp_free
 .text.netif_null_output_ip4
                0x10009f54        0x8 CMakeFiles/rc.dir/C_/VSARM/sdk/pico/pico-sdk/lib/lwip/src/core/netif.c.obj
 .text.netif_do_set_ipaddr.isra.0
                0x10009f5c       0x70 CMakeFiles/rc.dir/C_/VSARM/sdk/pico/pico-sdk/lib/lwip/src/core/netif.c.obj
 .text.netif_init
                0x10009fcc        0x4 CMakeFiles/rc.dir/C_/VSARM/sdk/pico/pico-sdk/lib/lwip/src/core/netif.c.obj
                0x10009fcc                netif_init
 .text.netif_add
                0x10009fd0      0x154 CMakeFiles/rc.dir/C_/VSARM/sdk/pico/pico-sdk/lib/lwip/src/core/netif.c.obj
                0x10009fd0                netif_add
 .text.netif_set_addr
                0x1000a124       0xb0 CMakeFiles/rc.dir/C_/VSARM/sdk/pico/pico-sdk/lib/lwip/src/core/netif.c.obj
                0x1000a124                netif_set_addr
 .text.netif_remove
                0x1000a1d4       0x94 CMakeFiles/rc.dir/C_/VSARM/sdk/pico/pico-sdk/lib/lwip/src/core/netif.c.obj
                0x1000a1d4                netif_remove
 .text.netif_set_default
                0x1000a268        0xc CMakeFiles/rc.dir/C_/VSARM/sdk/pico/pico-sdk/lib/lwip/src/core/netif.c.obj
                0x1000a268                netif_set_default
 .text.netif_set_up
                0x1000a274       0x40 CMakeFiles/rc.dir/C_/VSARM/sdk/pico/pico-sdk/lib/lwip/src/core/netif.c.obj
                0x1000a274                netif_set_up
 .text.netif_set_link_up
                0x1000a2b4       0x44 CMakeFiles/rc.dir/C_/VSARM/sdk/pico/pico-sdk/lib/lwip/src/core/netif.c.obj
                0x1000a2b4                netif_set_link_up
 .text.netif_set_link_down
                0x1000a2f8       0x20 CMakeFiles/rc.dir/C_/VSARM/sdk/pico/pico-sdk/lib/lwip/src/core/netif.c.obj
                0x1000a2f8                netif_set_link_down
 .text.netif_get_by_index
                0x1000a318       0x2c CMakeFiles/rc.dir/C_/VSARM/sdk/pico/pico-sdk/lib/lwip/src/core/netif.c.obj
                0x1000a318                netif_get_by_index
 .text.pbuf_free.part.0
                0x1000a344       0x7c CMakeFiles/rc.dir/C_/VSARM/sdk/pico/pico-sdk/lib/lwip/src/core/pbuf.c.obj
 .text.pbuf_free_ooseq
                0x1000a3c0       0x34 CMakeFiles/rc.dir/C_/VSARM/sdk/pico/pico-sdk/lib/lwip/src/core/pbuf.c.obj
                0x1000a3c0                pbuf_free_ooseq
 .text.pbuf_alloc
                0x1000a3f4      0x138 CMakeFiles/rc.dir/C_/VSARM/sdk/pico/pico-sdk/lib/lwip/src/core/pbuf.c.obj
                0x1000a3f4                pbuf_alloc
 .text.pbuf_realloc
                0x1000a52c       0x84 CMakeFiles/rc.dir/C_/VSARM/sdk/pico/pico-sdk/lib/lwip/src/core/pbuf.c.obj
                0x1000a52c                pbuf_realloc
 .text.pbuf_add_header
                0x1000a5b0       0x54 CMakeFiles/rc.dir/C_/VSARM/sdk/pico/pico-sdk/lib/lwip/src/core/pbuf.c.obj
                0x1000a5b0                pbuf_add_header
 .text.pbuf_remove_header
                0x1000a604       0x40 CMakeFiles/rc.dir/C_/VSARM/sdk/pico/pico-sdk/lib/lwip/src/core/pbuf.c.obj
                0x1000a604                pbuf_remove_header
 .text.pbuf_header_force
                0x1000a644       0x74 CMakeFiles/rc.dir/C_/VSARM/sdk/pico/pico-sdk/lib/lwip/src/core/pbuf.c.obj
                0x1000a644                pbuf_header_force
 .text.pbuf_free
                0x1000a6b8       0x18 CMakeFiles/rc.dir/C_/VSARM/sdk/pico/pico-sdk/lib/lwip/src/core/pbuf.c.obj
                0x1000a6b8                pbuf_free
 .text.pbuf_clen
                0x1000a6d0       0x14 CMakeFiles/rc.dir/C_/VSARM/sdk/pico/pico-sdk/lib/lwip/src/core/pbuf.c.obj
                0x1000a6d0                pbuf_clen
 .text.pbuf_ref
                0x1000a6e4       0x28 CMakeFiles/rc.dir/C_/VSARM/sdk/pico/pico-sdk/lib/lwip/src/core/pbuf.c.obj
                0x1000a6e4                pbuf_ref
 .text.pbuf_cat
                0x1000a70c       0x3c CMakeFiles/rc.dir/C_/VSARM/sdk/pico/pico-sdk/lib/lwip/src/core/pbuf.c.obj
                0x1000a70c                pbuf_cat
 .text.pbuf_chain
                0x1000a748       0x64 CMakeFiles/rc.dir/C_/VSARM/sdk/pico/pico-sdk/lib/lwip/src/core/pbuf.c.obj
                0x1000a748                pbuf_chain
 .text.pbuf_copy_partial_pbuf
                0x1000a7ac      0x124 CMakeFiles/rc.dir/C_/VSARM/sdk/pico/pico-sdk/lib/lwip/src/core/pbuf.c.obj
                0x1000a7ac                pbuf_copy_partial_pbuf
 .text.pbuf_copy
                0x1000a8d0       0x18 CMakeFiles/rc.dir/C_/VSARM/sdk/pico/pico-sdk/lib/lwip/src/core/pbuf.c.obj
                0x1000a8d0                pbuf_copy
 .text.pbuf_copy_partial
                0x1000a8e8       0x68 CMakeFiles/rc.dir/C_/VSARM/sdk/pico/pico-sdk/lib/lwip/src/core/pbuf.c.obj
                0x1000a8e8                pbuf_copy_partial
 .text.pbuf_get_contiguous
                0x1000a950       0x9c CMakeFiles/rc.dir/C_/VSARM/sdk/pico/pico-sdk/lib/lwip/src/core/pbuf.c.obj
                0x1000a950                pbuf_get_contiguous
 .text.pbuf_take
                0x1000a9ec       0x78 CMakeFiles/rc.dir/C_/VSARM/sdk/pico/pico-sdk/lib/lwip/src/core/pbuf.c.obj
                0x1000a9ec                pbuf_take
 .text.pbuf_take_at
                0x1000aa64       0xc0 CMakeFiles/rc.dir/C_/VSARM/sdk/pico/pico-sdk/lib/lwip/src/core/pbuf.c.obj
                0x1000aa64                pbuf_take_at
 .text.pbuf_clone
                0x1000ab24       0x30 CMakeFiles/rc.dir/C_/VSARM/sdk/pico/pico-sdk/lib/lwip/src/core/pbuf.c.obj
                0x1000ab24                pbuf_clone
 .text.pbuf_get_at
                0x1000ab54       0x20 CMakeFiles/rc.dir/C_/VSARM/sdk/pico/pico-sdk/lib/lwip/src/core/pbuf.c.obj
                0x1000ab54                pbuf_get_at
 .text.pbuf_put_at
                0x1000ab74       0x1c CMakeFiles/rc.dir/C_/VSARM/sdk/pico/pico-sdk/lib/lwip/src/core/pbuf.c.obj
                0x1000ab74                pbuf_put_at
 .text.raw_input
                0x1000ab90       0xf4 CMakeFiles/rc.dir/C_/VSARM/sdk/pico/pico-sdk/lib/lwip/src/core/raw.c.obj
                0x1000ab90                raw_input
 .text.raw_netif_ip_addr_changed
                0x1000ac84       0x40 CMakeFiles/rc.dir/C_/VSARM/sdk/pico/pico-sdk/lib/lwip/src/core/raw.c.obj
                0x1000ac84                raw_netif_ip_addr_changed
 .text.stats_init
                0x1000acc4        0x4 CMakeFiles/rc.dir/C_/VSARM/sdk/pico/pico-sdk/lib/lwip/src/core/stats.c.obj
                0x1000acc4                stats_init
 .text.altcp_alloc
                0x1000acc8       0x18 CMakeFiles/rc.dir/C_/VSARM/sdk/pico/pico-sdk/lib/lwip/src/core/altcp.c.obj
                0x1000acc8                altcp_alloc
 .text.altcp_free
                0x1000ace0       0x20 CMakeFiles/rc.dir/C_/VSARM/sdk/pico/pico-sdk/lib/lwip/src/core/altcp.c.obj
                0x1000ace0                altcp_free
 .text.altcp_arg
                0x1000ad00        0x8 CMakeFiles/rc.dir/C_/VSARM/sdk/pico/pico-sdk/lib/lwip/src/core/altcp.c.obj
                0x1000ad00                altcp_arg
 .text.altcp_recv
                0x1000ad08        0x8 CMakeFiles/rc.dir/C_/VSARM/sdk/pico/pico-sdk/lib/lwip/src/core/altcp.c.obj
                0x1000ad08                altcp_recv
 .text.altcp_sent
                0x1000ad10        0x8 CMakeFiles/rc.dir/C_/VSARM/sdk/pico/pico-sdk/lib/lwip/src/core/altcp.c.obj
                0x1000ad10                altcp_sent
 .text.altcp_poll
                0x1000ad18       0x20 CMakeFiles/rc.dir/C_/VSARM/sdk/pico/pico-sdk/lib/lwip/src/core/altcp.c.obj
                0x1000ad18                altcp_poll
 .text.altcp_err
                0x1000ad38        0x8 CMakeFiles/rc.dir/C_/VSARM/sdk/pico/pico-sdk/lib/lwip/src/core/altcp.c.obj
                0x1000ad38                altcp_err
 .text.altcp_recved
                0x1000ad40       0x18 CMakeFiles/rc.dir/C_/VSARM/sdk/pico/pico-sdk/lib/lwip/src/core/altcp.c.obj
                0x1000ad40                altcp_recved
 .text.altcp_bind
                0x1000ad58       0x1c CMakeFiles/rc.dir/C_/VSARM/sdk/pico/pico-sdk/lib/lwip/src/core/altcp.c.obj
                0x1000ad58                altcp_bind
 .text.altcp_connect
                0x1000ad74       0x1c CMakeFiles/rc.dir/C_/VSARM/sdk/pico/pico-sdk/lib/lwip/src/core/altcp.c.obj
                0x1000ad74                altcp_connect
 .text.altcp_abort
                0x1000ad90       0x18 CMakeFiles/rc.dir/C_/VSARM/sdk/pico/pico-sdk/lib/lwip/src/core/altcp.c.obj
                0x1000ad90                altcp_abort
 .text.altcp_close
                0x1000ada8       0x1c CMakeFiles/rc.dir/C_/VSARM/sdk/pico/pico-sdk/lib/lwip/src/core/altcp.c.obj
                0x1000ada8                altcp_close
 .text.altcp_write
                0x1000adc4       0x1c CMakeFiles/rc.dir/C_/VSARM/sdk/pico/pico-sdk/lib/lwip/src/core/altcp.c.obj
                0x1000adc4                altcp_write
 .text.altcp_output
                0x1000ade0       0x1c CMakeFiles/rc.dir/C_/VSARM/sdk/pico/pico-sdk/lib/lwip/src/core/altcp.c.obj
                0x1000ade0                altcp_output
 .text.altcp_sndbuf
                0x1000adfc       0x20 CMakeFiles/rc.dir/C_/VSARM/sdk/pico/pico-sdk/lib/lwip/src/core/altcp.c.obj
                0x1000adfc                altcp_sndbuf
 .text.altcp_tcp_err
                0x1000ae1c       0x1c CMakeFiles/rc.dir/C_/VSARM/sdk/pico/pico-sdk/lib/lwip/src/core/altcp_tcp.c.obj
 .text.altcp_tcp_keepalive_enable
                0x1000ae38       0x4c CMakeFiles/rc.dir/C_/VSARM/sdk/pico/pico-sdk/lib/lwip/src/core/altcp_tcp.c.obj
 .text.altcp_tcp_keepalive_disable
                0x1000ae84       0x28 CMakeFiles/rc.dir/C_/VSARM/sdk/pico/pico-sdk/lib/lwip/src/core/altcp_tcp.c.obj
 .text.altcp_tcp_get_port
                0x1000aeac       0x2c CMakeFiles/rc.dir/C_/VSARM/sdk/pico/pico-sdk/lib/lwip/src/core/altcp_tcp.c.obj
 .text.altcp_tcp_get_ip
                0x1000aed8       0x2c CMakeFiles/rc.dir/C_/VSARM/sdk/pico/pico-sdk/lib/lwip/src/core/altcp_tcp.c.obj
 .text.altcp_tcp_dealloc
                0x1000af04       0x14 CMakeFiles/rc.dir/C_/VSARM/sdk/pico/pico-sdk/lib/lwip/src/core/altcp_tcp.c.obj
 .text.altcp_tcp_nagle_disabled
                0x1000af18       0x28 CMakeFiles/rc.dir/C_/VSARM/sdk/pico/pico-sdk/lib/lwip/src/core/altcp_tcp.c.obj
 .text.altcp_tcp_nagle_enable
                0x1000af40       0x28 CMakeFiles/rc.dir/C_/VSARM/sdk/pico/pico-sdk/lib/lwip/src/core/altcp_tcp.c.obj
 .text.altcp_tcp_nagle_disable
                0x1000af68       0x28 CMakeFiles/rc.dir/C_/VSARM/sdk/pico/pico-sdk/lib/lwip/src/core/altcp_tcp.c.obj
 .text.altcp_tcp_sndqueuelen
                0x1000af90       0x24 CMakeFiles/rc.dir/C_/VSARM/sdk/pico/pico-sdk/lib/lwip/src/core/altcp_tcp.c.obj
 .text.altcp_tcp_sndbuf
                0x1000afb4       0x24 CMakeFiles/rc.dir/C_/VSARM/sdk/pico/pico-sdk/lib/lwip/src/core/altcp_tcp.c.obj
 .text.altcp_tcp_mss
                0x1000afd8       0x20 CMakeFiles/rc.dir/C_/VSARM/sdk/pico/pico-sdk/lib/lwip/src/core/altcp_tcp.c.obj
 .text.altcp_tcp_get_tcp_addrinfo
                0x1000aff8       0x24 CMakeFiles/rc.dir/C_/VSARM/sdk/pico/pico-sdk/lib/lwip/src/core/altcp_tcp.c.obj
 .text.altcp_tcp_setprio
                0x1000b01c       0x20 CMakeFiles/rc.dir/C_/VSARM/sdk/pico/pico-sdk/lib/lwip/src/core/altcp_tcp.c.obj
 .text.altcp_tcp_output
                0x1000b03c       0x24 CMakeFiles/rc.dir/C_/VSARM/sdk/pico/pico-sdk/lib/lwip/src/core/altcp_tcp.c.obj
 .text.altcp_tcp_write
                0x1000b060       0x24 CMakeFiles/rc.dir/C_/VSARM/sdk/pico/pico-sdk/lib/lwip/src/core/altcp_tcp.c.obj
 .text.altcp_tcp_shutdown
                0x1000b084       0x24 CMakeFiles/rc.dir/C_/VSARM/sdk/pico/pico-sdk/lib/lwip/src/core/altcp_tcp.c.obj
 .text.altcp_tcp_set_poll
                0x1000b0a8       0x28 CMakeFiles/rc.dir/C_/VSARM/sdk/pico/pico-sdk/lib/lwip/src/core/altcp_tcp.c.obj
 .text.altcp_tcp_abort
                0x1000b0d0       0x24 CMakeFiles/rc.dir/C_/VSARM/sdk/pico/pico-sdk/lib/lwip/src/core/altcp_tcp.c.obj
 .text.altcp_tcp_listen
                0x1000b0f4       0x34 CMakeFiles/rc.dir/C_/VSARM/sdk/pico/pico-sdk/lib/lwip/src/core/altcp_tcp.c.obj
 .text.altcp_tcp_connect
                0x1000b128       0x2c CMakeFiles/rc.dir/C_/VSARM/sdk/pico/pico-sdk/lib/lwip/src/core/altcp_tcp.c.obj
 .text.altcp_tcp_bind
                0x1000b154       0x24 CMakeFiles/rc.dir/C_/VSARM/sdk/pico/pico-sdk/lib/lwip/src/core/altcp_tcp.c.obj
 .text.altcp_tcp_recved
                0x1000b178       0x20 CMakeFiles/rc.dir/C_/VSARM/sdk/pico/pico-sdk/lib/lwip/src/core/altcp_tcp.c.obj
 .text.altcp_tcp_close
                0x1000b198       0xb8 CMakeFiles/rc.dir/C_/VSARM/sdk/pico/pico-sdk/lib/lwip/src/core/altcp_tcp.c.obj
 .text.altcp_tcp_sent
                0x1000b250       0x3c CMakeFiles/rc.dir/C_/VSARM/sdk/pico/pico-sdk/lib/lwip/src/core/altcp_tcp.c.obj
 .text.altcp_tcp_connected
                0x1000b28c       0x3c CMakeFiles/rc.dir/C_/VSARM/sdk/pico/pico-sdk/lib/lwip/src/core/altcp_tcp.c.obj
 .text.altcp_tcp_poll
                0x1000b2c8       0x3c CMakeFiles/rc.dir/C_/VSARM/sdk/pico/pico-sdk/lib/lwip/src/core/altcp_tcp.c.obj
 .text.altcp_tcp_recv
                0x1000b304       0x48 CMakeFiles/rc.dir/C_/VSARM/sdk/pico/pico-sdk/lib/lwip/src/core/altcp_tcp.c.obj
 .text.altcp_tcp_accept
                0x1000b34c       0x70 CMakeFiles/rc.dir/C_/VSARM/sdk/pico/pico-sdk/lib/lwip/src/core/altcp_tcp.c.obj
 .text.altcp_tcp_new_ip_type
                0x1000b3bc       0x60 CMakeFiles/rc.dir/C_/VSARM/sdk/pico/pico-sdk/lib/lwip/src/core/altcp_tcp.c.obj
                0x1000b3bc                altcp_tcp_new_ip_type
 .text.tcp_close_shutdown_fin
                0x1000b41c       0x58 CMakeFiles/rc.dir/C_/VSARM/sdk/pico/pico-sdk/lib/lwip/src/core/tcp.c.obj
 .text.tcp_pcb_purge.part.0
                0x1000b474       0xc4 CMakeFiles/rc.dir/C_/VSARM/sdk/pico/pico-sdk/lib/lwip/src/core/tcp.c.obj
 .text.tcp_init
                0x1000b538       0x20 CMakeFiles/rc.dir/C_/VSARM/sdk/pico/pico-sdk/lib/lwip/src/core/tcp.c.obj
                0x1000b538                tcp_init
 .text.tcp_free
                0x1000b558       0x1c CMakeFiles/rc.dir/C_/VSARM/sdk/pico/pico-sdk/lib/lwip/src/core/tcp.c.obj
                0x1000b558                tcp_free
 .text.tcp_bind
                0x1000b574       0xf8 CMakeFiles/rc.dir/C_/VSARM/sdk/pico/pico-sdk/lib/lwip/src/core/tcp.c.obj
                0x1000b574                tcp_bind
 .text.tcp_listen_with_backlog_and_err
                0x1000b66c       0xb8 CMakeFiles/rc.dir/C_/VSARM/sdk/pico/pico-sdk/lib/lwip/src/core/tcp.c.obj
                0x1000b66c                tcp_listen_with_backlog_and_err
 .text.tcp_update_rcv_ann_wnd
                0x1000b724       0x54 CMakeFiles/rc.dir/C_/VSARM/sdk/pico/pico-sdk/lib/lwip/src/core/tcp.c.obj
                0x1000b724                tcp_update_rcv_ann_wnd
 .text.tcp_recved
                0x1000b778       0x90 CMakeFiles/rc.dir/C_/VSARM/sdk/pico/pico-sdk/lib/lwip/src/core/tcp.c.obj
                0x1000b778                tcp_recved
 .text.tcp_connect
                0x1000b808      0x1a8 CMakeFiles/rc.dir/C_/VSARM/sdk/pico/pico-sdk/lib/lwip/src/core/tcp.c.obj
                0x1000b808                tcp_connect
 .text.tcp_slowtmr
                0x1000b9b0      0x4e4 CMakeFiles/rc.dir/C_/VSARM/sdk/pico/pico-sdk/lib/lwip/src/core/tcp.c.obj
                0x1000b9b0                tcp_slowtmr
 .text.tcp_segs_free
                0x1000be94       0x38 CMakeFiles/rc.dir/C_/VSARM/sdk/pico/pico-sdk/lib/lwip/src/core/tcp.c.obj
                0x1000be94                tcp_segs_free
 .text.tcp_seg_free
                0x1000becc       0x1c CMakeFiles/rc.dir/C_/VSARM/sdk/pico/pico-sdk/lib/lwip/src/core/tcp.c.obj
                0x1000becc                tcp_seg_free
 .text.tcp_setprio
                0x1000bee8        0x8 CMakeFiles/rc.dir/C_/VSARM/sdk/pico/pico-sdk/lib/lwip/src/core/tcp.c.obj
                0x1000bee8                tcp_setprio
 .text.tcp_seg_copy
                0x1000bef0       0x2c CMakeFiles/rc.dir/C_/VSARM/sdk/pico/pico-sdk/lib/lwip/src/core/tcp.c.obj
                0x1000bef0                tcp_seg_copy
 .text.tcp_arg  0x1000bf1c        0x8 CMakeFiles/rc.dir/C_/VSARM/sdk/pico/pico-sdk/lib/lwip/src/core/tcp.c.obj
                0x1000bf1c                tcp_arg
 .text.tcp_recv
                0x1000bf24       0x1c CMakeFiles/rc.dir/C_/VSARM/sdk/pico/pico-sdk/lib/lwip/src/core/tcp.c.obj
                0x1000bf24                tcp_recv
 .text.tcp_sent
                0x1000bf40       0x1c CMakeFiles/rc.dir/C_/VSARM/sdk/pico/pico-sdk/lib/lwip/src/core/tcp.c.obj
                0x1000bf40                tcp_sent
 .text.tcp_err  0x1000bf5c       0x1c CMakeFiles/rc.dir/C_/VSARM/sdk/pico/pico-sdk/lib/lwip/src/core/tcp.c.obj
                0x1000bf5c                tcp_err
 .text.tcp_accept
                0x1000bf78       0x10 CMakeFiles/rc.dir/C_/VSARM/sdk/pico/pico-sdk/lib/lwip/src/core/tcp.c.obj
                0x1000bf78                tcp_accept
 .text.tcp_poll
                0x1000bf88       0x20 CMakeFiles/rc.dir/C_/VSARM/sdk/pico/pico-sdk/lib/lwip/src/core/tcp.c.obj
                0x1000bf88                tcp_poll
 .text.tcp_pcb_purge
                0x1000bfa8       0x18 CMakeFiles/rc.dir/C_/VSARM/sdk/pico/pico-sdk/lib/lwip/src/core/tcp.c.obj
                0x1000bfa8                tcp_pcb_purge
 .text.tcp_pcb_remove
                0x1000bfc0       0xc8 CMakeFiles/rc.dir/C_/VSARM/sdk/pico/pico-sdk/lib/lwip/src/core/tcp.c.obj
                0x1000bfc0                tcp_pcb_remove
 .text.tcp_abandon
                0x1000c088      0x1ac CMakeFiles/rc.dir/C_/VSARM/sdk/pico/pico-sdk/lib/lwip/src/core/tcp.c.obj
                0x1000c088                tcp_abandon
 .text.tcp_abort
                0x1000c234        0xc CMakeFiles/rc.dir/C_/VSARM/sdk/pico/pico-sdk/lib/lwip/src/core/tcp.c.obj
                0x1000c234                tcp_abort
 .text.tcp_accept_null
                0x1000c240       0x20 CMakeFiles/rc.dir/C_/VSARM/sdk/pico/pico-sdk/lib/lwip/src/core/tcp.c.obj
 .text.tcp_alloc
                0x1000c260      0x1cc CMakeFiles/rc.dir/C_/VSARM/sdk/pico/pico-sdk/lib/lwip/src/core/tcp.c.obj
                0x1000c260                tcp_alloc
 .text.tcp_new_ip_type
                0x1000c42c      0x1ac CMakeFiles/rc.dir/C_/VSARM/sdk/pico/pico-sdk/lib/lwip/src/core/tcp.c.obj
                0x1000c42c                tcp_new_ip_type
 .text.tcp_close_shutdown
                0x1000c5d8      0x188 CMakeFiles/rc.dir/C_/VSARM/sdk/pico/pico-sdk/lib/lwip/src/core/tcp.c.obj
 .text.tcp_shutdown
                0x1000c760       0x60 CMakeFiles/rc.dir/C_/VSARM/sdk/pico/pico-sdk/lib/lwip/src/core/tcp.c.obj
                0x1000c760                tcp_shutdown
 .text.tcp_recv_null
                0x1000c7c0       0xcc CMakeFiles/rc.dir/C_/VSARM/sdk/pico/pico-sdk/lib/lwip/src/core/tcp.c.obj
                0x1000c7c0                tcp_recv_null
 .text.tcp_process_refused_data
                0x1000c88c       0x74 CMakeFiles/rc.dir/C_/VSARM/sdk/pico/pico-sdk/lib/lwip/src/core/tcp.c.obj
                0x1000c88c                tcp_process_refused_data
 .text.tcp_fasttmr
                0x1000c900       0x98 CMakeFiles/rc.dir/C_/VSARM/sdk/pico/pico-sdk/lib/lwip/src/core/tcp.c.obj
                0x1000c900                tcp_fasttmr
 .text.tcp_tmr  0x1000c998       0x20 CMakeFiles/rc.dir/C_/VSARM/sdk/pico/pico-sdk/lib/lwip/src/core/tcp.c.obj
                0x1000c998                tcp_tmr
 .text.tcp_close
                0x1000c9b8      0x174 CMakeFiles/rc.dir/C_/VSARM/sdk/pico/pico-sdk/lib/lwip/src/core/tcp.c.obj
                0x1000c9b8                tcp_close
 .text.tcp_next_iss
                0x1000cb2c       0x28 CMakeFiles/rc.dir/C_/VSARM/sdk/pico/pico-sdk/lib/lwip/src/core/tcp.c.obj
                0x1000cb2c                tcp_next_iss
 .text.tcp_eff_send_mss_netif
                0x1000cb54       0x38 CMakeFiles/rc.dir/C_/VSARM/sdk/pico/pico-sdk/lib/lwip/src/core/tcp.c.obj
                0x1000cb54                tcp_eff_send_mss_netif
 .text.tcp_netif_ip_addr_changed
                0x1000cb8c       0x9c CMakeFiles/rc.dir/C_/VSARM/sdk/pico/pico-sdk/lib/lwip/src/core/tcp.c.obj
                0x1000cb8c                tcp_netif_ip_addr_changed
 .text.tcp_tcp_get_tcp_addrinfo
                0x1000cc28       0x38 CMakeFiles/rc.dir/C_/VSARM/sdk/pico/pico-sdk/lib/lwip/src/core/tcp.c.obj
                0x1000cc28                tcp_tcp_get_tcp_addrinfo
 .text.tcp_free_ooseq
                0x1000cc60       0x40 CMakeFiles/rc.dir/C_/VSARM/sdk/pico/pico-sdk/lib/lwip/src/core/tcp.c.obj
                0x1000cc60                tcp_free_ooseq
 .text.tcp_parseopt
                0x1000cca0      0x188 CMakeFiles/rc.dir/C_/VSARM/sdk/pico/pico-sdk/lib/lwip/src/core/tcp_in.c.obj
 .text.tcp_oos_insert_segment
                0x1000ce28       0xd8 CMakeFiles/rc.dir/C_/VSARM/sdk/pico/pico-sdk/lib/lwip/src/core/tcp_in.c.obj
 .text.tcp_free_acked_segments.constprop.0
                0x1000cf00       0xdc CMakeFiles/rc.dir/C_/VSARM/sdk/pico/pico-sdk/lib/lwip/src/core/tcp_in.c.obj
 .text.tcp_receive
                0x1000cfdc      0xa14 CMakeFiles/rc.dir/C_/VSARM/sdk/pico/pico-sdk/lib/lwip/src/core/tcp_in.c.obj
 .text.tcp_input
                0x1000d9f0      0xd60 CMakeFiles/rc.dir/C_/VSARM/sdk/pico/pico-sdk/lib/lwip/src/core/tcp_in.c.obj
                0x1000d9f0                tcp_input
 .text.tcp_trigger_input_pcb_close
                0x1000e750       0x10 CMakeFiles/rc.dir/C_/VSARM/sdk/pico/pico-sdk/lib/lwip/src/core/tcp_in.c.obj
                0x1000e750                tcp_trigger_input_pcb_close
 .text.tcp_create_segment
                0x1000e760       0xf8 CMakeFiles/rc.dir/C_/VSARM/sdk/pico/pico-sdk/lib/lwip/src/core/tcp_out.c.obj
 .text.tcp_output_control_segment
                0x1000e858       0xc0 CMakeFiles/rc.dir/C_/VSARM/sdk/pico/pico-sdk/lib/lwip/src/core/tcp_out.c.obj
 .text.tcp_output_alloc_header.constprop.0
                0x1000e918       0xc8 CMakeFiles/rc.dir/C_/VSARM/sdk/pico/pico-sdk/lib/lwip/src/core/tcp_out.c.obj
 .text.tcp_write
                0x1000e9e0      0x47c CMakeFiles/rc.dir/C_/VSARM/sdk/pico/pico-sdk/lib/lwip/src/core/tcp_out.c.obj
                0x1000e9e0                tcp_write
 .text.tcp_split_unsent_seg
                0x1000ee5c      0x1c0 CMakeFiles/rc.dir/C_/VSARM/sdk/pico/pico-sdk/lib/lwip/src/core/tcp_out.c.obj
                0x1000ee5c                tcp_split_unsent_seg
 .text.tcp_send_fin
                0x1000f01c      0x12c CMakeFiles/rc.dir/C_/VSARM/sdk/pico/pico-sdk/lib/lwip/src/core/tcp_out.c.obj
                0x1000f01c                tcp_send_fin
 .text.tcp_enqueue_flags
                0x1000f148      0x124 CMakeFiles/rc.dir/C_/VSARM/sdk/pico/pico-sdk/lib/lwip/src/core/tcp_out.c.obj
                0x1000f148                tcp_enqueue_flags
 .text.tcp_rexmit_rto_prepare
                0x1000f26c       0x9c CMakeFiles/rc.dir/C_/VSARM/sdk/pico/pico-sdk/lib/lwip/src/core/tcp_out.c.obj
                0x1000f26c                tcp_rexmit_rto_prepare
 .text.tcp_rexmit
                0x1000f308       0x9c CMakeFiles/rc.dir/C_/VSARM/sdk/pico/pico-sdk/lib/lwip/src/core/tcp_out.c.obj
                0x1000f308                tcp_rexmit
 .text.tcp_rexmit_fast
                0x1000f3a4       0x64 CMakeFiles/rc.dir/C_/VSARM/sdk/pico/pico-sdk/lib/lwip/src/core/tcp_out.c.obj
                0x1000f3a4                tcp_rexmit_fast
 .text.tcp_rst  0x1000f408       0xe4 CMakeFiles/rc.dir/C_/VSARM/sdk/pico/pico-sdk/lib/lwip/src/core/tcp_out.c.obj
                0x1000f408                tcp_rst
 .text.tcp_rst_netif
                0x1000f4ec      0x12c CMakeFiles/rc.dir/C_/VSARM/sdk/pico/pico-sdk/lib/lwip/src/core/tcp_out.c.obj
                0x1000f4ec                tcp_rst_netif
 .text.tcp_send_empty_ack
                0x1000f618       0x4c CMakeFiles/rc.dir/C_/VSARM/sdk/pico/pico-sdk/lib/lwip/src/core/tcp_out.c.obj
                0x1000f618                tcp_send_empty_ack
 .text.tcp_output
                0x1000f664      0x470 CMakeFiles/rc.dir/C_/VSARM/sdk/pico/pico-sdk/lib/lwip/src/core/tcp_out.c.obj
                0x1000f664                tcp_output
 .text.tcp_rexmit_rto_commit
                0x1000fad4       0x24 CMakeFiles/rc.dir/C_/VSARM/sdk/pico/pico-sdk/lib/lwip/src/core/tcp_out.c.obj
                0x1000fad4                tcp_rexmit_rto_commit
 .text.tcp_rexmit_rto
                0x1000faf8       0xa4 CMakeFiles/rc.dir/C_/VSARM/sdk/pico/pico-sdk/lib/lwip/src/core/tcp_out.c.obj
                0x1000faf8                tcp_rexmit_rto
 .text.tcp_keepalive
                0x1000fb9c       0xdc CMakeFiles/rc.dir/C_/VSARM/sdk/pico/pico-sdk/lib/lwip/src/core/tcp_out.c.obj
                0x1000fb9c                tcp_keepalive
 .text.tcp_zero_window_probe
                0x1000fc78      0x108 CMakeFiles/rc.dir/C_/VSARM/sdk/pico/pico-sdk/lib/lwip/src/core/tcp_out.c.obj
                0x1000fc78                tcp_zero_window_probe
 .text.tcpip_tcp_timer
                0x1000fd80       0x78 CMakeFiles/rc.dir/C_/VSARM/sdk/pico/pico-sdk/lib/lwip/src/core/timeouts.c.obj
 .text.lwip_cyclic_timer
                0x1000fdf8       0x98 CMakeFiles/rc.dir/C_/VSARM/sdk/pico/pico-sdk/lib/lwip/src/core/timeouts.c.obj
 .text.tcp_timer_needed
                0x1000fe90       0x7c CMakeFiles/rc.dir/C_/VSARM/sdk/pico/pico-sdk/lib/lwip/src/core/timeouts.c.obj
                0x1000fe90                tcp_timer_needed
 .text.sys_timeouts_init
                0x1000ff0c       0x90 CMakeFiles/rc.dir/C_/VSARM/sdk/pico/pico-sdk/lib/lwip/src/core/timeouts.c.obj
                0x1000ff0c                sys_timeouts_init
 .text.sys_timeout
                0x1000ff9c       0x60 CMakeFiles/rc.dir/C_/VSARM/sdk/pico/pico-sdk/lib/lwip/src/core/timeouts.c.obj
                0x1000ff9c                sys_timeout
 .text.sys_untimeout
                0x1000fffc       0x40 CMakeFiles/rc.dir/C_/VSARM/sdk/pico/pico-sdk/lib/lwip/src/core/timeouts.c.obj
                0x1000fffc                sys_untimeout
 .text.sys_check_timeouts
                0x1001003c       0x68 CMakeFiles/rc.dir/C_/VSARM/sdk/pico/pico-sdk/lib/lwip/src/core/timeouts.c.obj
                0x1001003c                sys_check_timeouts
 .text.sys_timeouts_sleeptime
                0x100100a4       0x28 CMakeFiles/rc.dir/C_/VSARM/sdk/pico/pico-sdk/lib/lwip/src/core/timeouts.c.obj
                0x100100a4                sys_timeouts_sleeptime
 .text.udp_init
                0x100100cc       0x20 CMakeFiles/rc.dir/C_/VSARM/sdk/pico/pico-sdk/lib/lwip/src/core/udp.c.obj
                0x100100cc                udp_init
 .text.udp_input
                0x100100ec      0x244 CMakeFiles/rc.dir/C_/VSARM/sdk/pico/pico-sdk/lib/lwip/src/core/udp.c.obj
                0x100100ec                udp_input
 .text.udp_bind
                0x10010330      0x10c CMakeFiles/rc.dir/C_/VSARM/sdk/pico/pico-sdk/lib/lwip/src/core/udp.c.obj
                0x10010330                udp_bind
 .text.udp_sendto_if_src
                0x1001043c      0x130 CMakeFiles/rc.dir/C_/VSARM/sdk/pico/pico-sdk/lib/lwip/src/core/udp.c.obj
                0x1001043c                udp_sendto_if_src
 .text.udp_sendto_if
                0x1001056c       0x48 CMakeFiles/rc.dir/C_/VSARM/sdk/pico/pico-sdk/lib/lwip/src/core/udp.c.obj
                0x1001056c                udp_sendto_if
 .text.udp_sendto
                0x100105b4       0x7c CMakeFiles/rc.dir/C_/VSARM/sdk/pico/pico-sdk/lib/lwip/src/core/udp.c.obj
                0x100105b4                udp_sendto
 .text.udp_connect
                0x10010630       0x64 CMakeFiles/rc.dir/C_/VSARM/sdk/pico/pico-sdk/lib/lwip/src/core/udp.c.obj
                0x10010630                udp_connect
 .text.udp_recv
                0x10010694        0xc CMakeFiles/rc.dir/C_/VSARM/sdk/pico/pico-sdk/lib/lwip/src/core/udp.c.obj
                0x10010694                udp_recv
 .text.udp_remove
                0x100106a0       0x3c CMakeFiles/rc.dir/C_/VSARM/sdk/pico/pico-sdk/lib/lwip/src/core/udp.c.obj
                0x100106a0                udp_remove
 .text.udp_new  0x100106dc       0x1c CMakeFiles/rc.dir/C_/VSARM/sdk/pico/pico-sdk/lib/lwip/src/core/udp.c.obj
                0x100106dc                udp_new
 .text.udp_netif_ip_addr_changed
                0x100106f8       0x40 CMakeFiles/rc.dir/C_/VSARM/sdk/pico/pico-sdk/lib/lwip/src/core/udp.c.obj
                0x100106f8                udp_netif_ip_addr_changed
 .text.dhcp_create_msg
                0x10010738      0x174 CMakeFiles/rc.dir/C_/VSARM/sdk/pico/pico-sdk/lib/lwip/src/core/ipv4/dhcp.c.obj
 .text.dhcp_inc_pcb_refcount
                0x100108ac       0x6c CMakeFiles/rc.dir/C_/VSARM/sdk/pico/pico-sdk/lib/lwip/src/core/ipv4/dhcp.c.obj
 .text.dhcp_bind
                0x10010918      0x138 CMakeFiles/rc.dir/C_/VSARM/sdk/pico/pico-sdk/lib/lwip/src/core/ipv4/dhcp.c.obj
 .text.dhcp_option_hostname.isra.0
                0x10010a50       0x8c CMakeFiles/rc.dir/C_/VSARM/sdk/pico/pico-sdk/lib/lwip/src/core/ipv4/dhcp.c.obj
 .text.dhcp_handle_ack.isra.0
                0x10010adc       0xcc CMakeFiles/rc.dir/C_/VSARM/sdk/pico/pico-sdk/lib/lwip/src/core/ipv4/dhcp.c.obj
 .text.dhcp_reboot.isra.0
                0x10010ba8      0x1d0 CMakeFiles/rc.dir/C_/VSARM/sdk/pico/pico-sdk/lib/lwip/src/core/ipv4/dhcp.c.obj
 .text.dhcp_discover
                0x10010d78      0x180 CMakeFiles/rc.dir/C_/VSARM/sdk/pico/pico-sdk/lib/lwip/src/core/ipv4/dhcp.c.obj
 .text.dhcp_select.isra.0
                0x10010ef8      0x250 CMakeFiles/rc.dir/C_/VSARM/sdk/pico/pico-sdk/lib/lwip/src/core/ipv4/dhcp.c.obj
 .text.dhcp_recv
                0x10011148      0x4a0 CMakeFiles/rc.dir/C_/VSARM/sdk/pico/pico-sdk/lib/lwip/src/core/ipv4/dhcp.c.obj
 .text.dhcp_set_struct
                0x100115e8       0x44 CMakeFiles/rc.dir/C_/VSARM/sdk/pico/pico-sdk/lib/lwip/src/core/ipv4/dhcp.c.obj
                0x100115e8                dhcp_set_struct
 .text.dhcp_network_changed_link_up
                0x1001162c       0x40 CMakeFiles/rc.dir/C_/VSARM/sdk/pico/pico-sdk/lib/lwip/src/core/ipv4/dhcp.c.obj
                0x1001162c                dhcp_network_changed_link_up
 .text.dhcp_renew
                0x1001166c      0x190 CMakeFiles/rc.dir/C_/VSARM/sdk/pico/pico-sdk/lib/lwip/src/core/ipv4/dhcp.c.obj
                0x1001166c                dhcp_renew
 .text.dhcp_release_and_stop
                0x100117fc      0x180 CMakeFiles/rc.dir/C_/VSARM/sdk/pico/pico-sdk/lib/lwip/src/core/ipv4/dhcp.c.obj
                0x100117fc                dhcp_release_and_stop
 .text.dhcp_start
                0x1001197c       0xb0 CMakeFiles/rc.dir/C_/VSARM/sdk/pico/pico-sdk/lib/lwip/src/core/ipv4/dhcp.c.obj
                0x1001197c                dhcp_start
 .text.dhcp_coarse_tmr
                0x10011a2c      0x234 CMakeFiles/rc.dir/C_/VSARM/sdk/pico/pico-sdk/lib/lwip/src/core/ipv4/dhcp.c.obj
                0x10011a2c                dhcp_coarse_tmr
 .text.dhcp_fine_tmr
                0x10011c60       0x78 CMakeFiles/rc.dir/C_/VSARM/sdk/pico/pico-sdk/lib/lwip/src/core/ipv4/dhcp.c.obj
                0x10011c60                dhcp_fine_tmr
 .text.dhcp_stop
                0x10011cd8      0x180 CMakeFiles/rc.dir/C_/VSARM/sdk/pico/pico-sdk/lib/lwip/src/core/ipv4/dhcp.c.obj
                0x10011cd8                dhcp_stop
 .text.etharp_find_entry
                0x10011e58     0x1f80 CMakeFiles/rc.dir/C_/VSARM/sdk/pico/pico-sdk/lib/lwip/src/core/ipv4/etharp.c.obj
 .text.etharp_raw
                0x10013dd8       0xec CMakeFiles/rc.dir/C_/VSARM/sdk/pico/pico-sdk/lib/lwip/src/core/ipv4/etharp.c.obj
 .text.etharp_output_to_arp_index
                0x10013ec4       0xe4 CMakeFiles/rc.dir/C_/VSARM/sdk/pico/pico-sdk/lib/lwip/src/core/ipv4/etharp.c.obj
 .text.etharp_tmr
                0x10013fa8       0x94 CMakeFiles/rc.dir/C_/VSARM/sdk/pico/pico-sdk/lib/lwip/src/core/ipv4/etharp.c.obj
                0x10013fa8                etharp_tmr
 .text.etharp_cleanup_netif
                0x1001403c      0x188 CMakeFiles/rc.dir/C_/VSARM/sdk/pico/pico-sdk/lib/lwip/src/core/ipv4/etharp.c.obj
                0x1001403c                etharp_cleanup_netif
 .text.etharp_input
                0x100141c4      0x1b8 CMakeFiles/rc.dir/C_/VSARM/sdk/pico/pico-sdk/lib/lwip/src/core/ipv4/etharp.c.obj
                0x100141c4                etharp_input
 .text.etharp_query
                0x1001437c      0x1c0 CMakeFiles/rc.dir/C_/VSARM/sdk/pico/pico-sdk/lib/lwip/src/core/ipv4/etharp.c.obj
                0x1001437c                etharp_query
 .text.etharp_output
                0x1001453c      0x24c CMakeFiles/rc.dir/C_/VSARM/sdk/pico/pico-sdk/lib/lwip/src/core/ipv4/etharp.c.obj
                0x1001453c                etharp_output
 .text.etharp_request
                0x10014788       0x2c CMakeFiles/rc.dir/C_/VSARM/sdk/pico/pico-sdk/lib/lwip/src/core/ipv4/etharp.c.obj
                0x10014788                etharp_request
 .text.icmp_input
                0x100147b4      0x1e8 CMakeFiles/rc.dir/C_/VSARM/sdk/pico/pico-sdk/lib/lwip/src/core/ipv4/icmp.c.obj
                0x100147b4                icmp_input
 .text.icmp_dest_unreach
                0x1001499c       0xd0 CMakeFiles/rc.dir/C_/VSARM/sdk/pico/pico-sdk/lib/lwip/src/core/ipv4/icmp.c.obj
                0x1001499c                icmp_dest_unreach
 .text.icmp_time_exceeded
                0x10014a6c       0xd0 CMakeFiles/rc.dir/C_/VSARM/sdk/pico/pico-sdk/lib/lwip/src/core/ipv4/icmp.c.obj
                0x10014a6c                icmp_time_exceeded
 .text.ip_reass_free_complete_datagram
                0x10014b3c      0x120 CMakeFiles/rc.dir/C_/VSARM/sdk/pico/pico-sdk/lib/lwip/src/core/ipv4/ip4_frag.c.obj
 .text.ip_reass_remove_oldest_datagram
                0x10014c5c       0xd8 CMakeFiles/rc.dir/C_/VSARM/sdk/pico/pico-sdk/lib/lwip/src/core/ipv4/ip4_frag.c.obj
 .text.ip_reass_tmr
                0x10014d34       0x38 CMakeFiles/rc.dir/C_/VSARM/sdk/pico/pico-sdk/lib/lwip/src/core/ipv4/ip4_frag.c.obj
                0x10014d34                ip_reass_tmr
 .text.ip4_reass
                0x10014d6c      0x53c CMakeFiles/rc.dir/C_/VSARM/sdk/pico/pico-sdk/lib/lwip/src/core/ipv4/ip4_frag.c.obj
                0x10014d6c                ip4_reass
 .text.ip4_frag
                0x100152a8      0x180 CMakeFiles/rc.dir/C_/VSARM/sdk/pico/pico-sdk/lib/lwip/src/core/ipv4/ip4_frag.c.obj
                0x100152a8                ip4_frag
 .text.ip4_route